Component: ARM Compiler 5.06 update 7 for Certification (build 960) Tool: armlink [4d3601]

==============================================================================

Section Cross References

    main.o(.text) refers to usart.o(.text) for USART_SendString
    main.o(.text) refers to misc.o(.text) for NVIC_PriorityGroupConfig
    main.o(.text) refers to exti.o(.text) for EXTIX_Init
    main.o(.text) refers to led.o(.text) for LED_Init
    main.o(.text) refers to timer.o(.text) for TIM3_Int_Init
    main.o(.text) refers to fsmc.o(.text) for FSMC_SRAM_Init
    main.o(.text) refers to tetris.o(.text) for tetris
    system_stm32f4xx.o(.text) refers to system_stm32f4xx.o(.data) for SystemCoreClock
    block.o(.text) refers to malloc.o(i.malloc) for malloc
    block.o(.text) refers to color.o(.text) for GetCellColors
    block.o(.text) refers to grid.o(.text) for gridPrint
    block.o(.text) refers to tetris.o(.text) for tertisOutputCopyAns
    block.o(.text) refers to malloc.o(i.free) for free
    color.o(.text) refers to color.o(.data) for colors
    game.o(.text) refers to malloc.o(i.malloc) for malloc
    game.o(.text) refers to block.o(.text) for blockConstructor
    game.o(.text) refers to grid.o(.text) for gridConstructor
    game.o(.text) refers to malloc.o(i.free) for free
    game.o(.text) refers to game.o(.data) for seed
    grid.o(.text) refers to malloc.o(i.malloc) for malloc
    grid.o(.text) refers to color.o(.text) for GetCellColors
    grid.o(.text) refers to malloc.o(i.free) for free
    tetris.o(.text) refers to block.o(.text) for GetCellPositions
    tetris.o(.text) refers to malloc.o(i.free) for free
    tetris.o(.text) refers to main.o(.text) for ESP32_SendGameData
    tetris.o(.text) refers to grid.o(.text) for gridDestory
    tetris.o(.text) refers to malloc.o(i.malloc) for malloc
    tetris.o(.text) refers to color.o(.text) for GetCellColors
    tetris.o(.text) refers to game.o(.text) for gameConstructor
    tetris.o(.text) refers to printf1.o(i.__0printf$1) for __2printf
    tetris.o(.text) refers to main.o(.data) for debug_mode
    tetris.o(.text) refers to tetris.o(.data) for timer3IRQ1secfg
    dispaly.o(.text) refers to usart.o(.text) for uart_send_buf
    dispaly.o(.text) refers to misc.o(.text) for NVIC_PriorityGroupConfig
    dispaly.o(.text) refers to delay.o(.text) for delay_init
    dispaly.o(.text) refers to led.o(.text) for LED_Init
    dispaly.o(.text) refers to dispaly.o(.bss) for LED_MAP
    led.o(.text) refers to stm32f4xx_rcc.o(.text) for RCC_AHB1PeriphClockCmd
    led.o(.text) refers to stm32f4xx_gpio.o(.text) for GPIO_Init
    timer.o(.text) refers to stm32f4xx_rcc.o(.text) for RCC_APB1PeriphClockCmd
    timer.o(.text) refers to stm32f4xx_tim.o(.text) for TIM_TimeBaseInit
    timer.o(.text) refers to misc.o(.text) for NVIC_Init
    timer.o(.text) refers to tetris.o(.data) for timer3IRQ1secfg
    beep.o(.text) refers to stm32f4xx_rcc.o(.text) for RCC_AHB1PeriphClockCmd
    beep.o(.text) refers to stm32f4xx_gpio.o(.text) for GPIO_Init
    key.o(.text) refers to stm32f4xx_rcc.o(.text) for RCC_AHB1PeriphClockCmd
    key.o(.text) refers to stm32f4xx_gpio.o(.text) for GPIO_Init
    key.o(.text) refers to delay.o(.text) for delay_ms
    key.o(.text) refers to key.o(.data) for key_up
    exti.o(.text) refers to delay.o(.text) for delay_ms
    exti.o(.text) refers to stm32f4xx_gpio.o(.text) for GPIO_ReadInputDataBit
    exti.o(.text) refers to stm32f4xx_exti.o(.text) for EXTI_ClearITPendingBit
    exti.o(.text) refers to key.o(.text) for KEY_Init
    exti.o(.text) refers to stm32f4xx_rcc.o(.text) for RCC_APB2PeriphClockCmd
    exti.o(.text) refers to stm32f4xx_syscfg.o(.text) for SYSCFG_EXTILineConfig
    exti.o(.text) refers to misc.o(.text) for NVIC_Init
    exti.o(.text) refers to main.o(.data) for current_cmd
    fsmc.o(.text) refers to stm32f4xx_rcc.o(.text) for RCC_AHB1PeriphClockCmd
    fsmc.o(.text) refers to stm32f4xx_gpio.o(.text) for GPIO_PinAFConfig
    fsmc.o(.text) refers to stm32f4xx_fsmc.o(.text) for FSMC_NORSRAMInit
    delay.o(.text) refers to misc.o(.text) for SysTick_CLKSourceConfig
    delay.o(.text) refers to delay.o(.data) for fac_us
    usart.o(.text) refers to stm32f4xx_usart.o(.text) for USART_GetFlagStatus
    usart.o(.text) refers to stm32f4xx_rcc.o(.text) for RCC_AHB1PeriphClockCmd
    usart.o(.text) refers to stm32f4xx_gpio.o(.text) for GPIO_PinAFConfig
    usart.o(.text) refers to misc.o(.text) for NVIC_Init
    usart.o(.text) refers to usart.o(.data) for USART_RX_STA
    usart.o(.text) refers to usart.o(.bss) for USART_RX_BUF
    usart.o(.text) refers to main.o(.data) for current_cmd
    startup_stm32f40_41xxx.o(RESET) refers to startup_stm32f40_41xxx.o(STACK) for __initial_sp
    startup_stm32f40_41xxx.o(RESET) refers to startup_stm32f40_41xxx.o(.text) for Reset_Handler
    startup_stm32f40_41xxx.o(RESET) refers to stm32f4xx_it.o(.text) for NMI_Handler
    startup_stm32f40_41xxx.o(RESET) refers to exti.o(.text) for EXTI0_IRQHandler
[...]
    printf4.o(i.__0snprintf$4) refers to printf4.o(i._snputc) for _snputc
    printf4.o(i.__0sprintf$4) refers to printf4.o(i._printf_core) for _printf_core
    printf4.o(i.__0sprintf$4) refers to printf4.o(i._sputc) for _sputc
    printf4.o(i.__0vfprintf$4) refers to printf4.o(i._printf_core) for _printf_core
    printf4.o(i.__0vfprintf$4) refers to usart.o(.text) for fputc
    printf4.o(i.__0vprintf$4) refers to printf4.o(i._printf_core) for _printf_core
    printf4.o(i.__0vprintf$4) refers to usart.o(.text) for fputc
    printf4.o(i.__0vprintf$4) refers to usart.o(.data) for __stdout
    printf4.o(i.__0vsnprintf$4) refers to printf4.o(i._printf_core) for _printf_core
    printf4.o(i.__0vsnprintf$4) refers to printf4.o(i._snputc) for _snputc
    printf4.o(i.__0vsprintf$4) refers to printf4.o(i._printf_core) for _printf_core
    printf4.o(i.__0vsprintf$4) refers to printf4.o(i._sputc) for _sputc
    printf4.o(i._printf_core) refers to uldiv.o(.text) for __aeabi_uldivmod
    printf5.o(i.__0fprintf$5) refers to printf5.o(i._printf_core) for _printf_core
    printf5.o(i.__0fprintf$5) refers to usart.o(.text) for fputc
    printf5.o(i.__0printf$5) refers to printf5.o(i._printf_core) for _printf_core
    printf5.o(i.__0printf$5) refers to usart.o(.text) for fputc
    printf5.o(i.__0printf$5) refers to usart.o(.data) for __stdout
    printf5.o(i.__0snprintf$5) refers to printf5.o(i._printf_core) for _printf_core
    printf5.o(i.__0snprintf$5) refers to printf5.o(i._snputc) for _snputc
    printf5.o(i.__0sprintf$5) refers to printf5.o(i._printf_core) for _printf_core
    printf5.o(i.__0sprintf$5) refers to printf5.o(i._sputc) for _sputc
    printf5.o(i.__0vfprintf$5) refers to printf5.o(i._printf_core) for _printf_core
    printf5.o(i.__0vfprintf$5) refers to usart.o(.text) for fputc
    printf5.o(i.__0vprintf$5) refers to printf5.o(i._printf_core) for _printf_core
    printf5.o(i.__0vprintf$5) refers to usart.o(.text) for fputc
    printf5.o(i.__0vprintf$5) refers to usart.o(.data) for __stdout
    printf5.o(i.__0vsnprintf$5) refers to printf5.o(i._printf_core) for _printf_core
    printf5.o(i.__0vsnprintf$5) refers to printf5.o(i._snputc) for _snputc
    printf5.o(i.__0vsprintf$5) refers to printf5.o(i._printf_core) for _printf_core
    printf5.o(i.__0vsprintf$5) refers to printf5.o(i._sputc) for _sputc
    printf5.o(i._printf_core) refers to uldiv.o(.text) for __aeabi_uldivmod
    printf6.o(i.__0fprintf$6) refers to printf6.o(i._printf_core) for _printf_core
    printf6.o(i.__0fprintf$6) refers to usart.o(.text) for fputc
    printf6.o(i.__0printf$6) refers to printf6.o(i._printf_core) for _printf_core
    printf6.o(i.__0printf$6) refers to usart.o(.text) for fputc
    printf6.o(i.__0printf$6) refers to usart.o(.data) for __stdout
    printf6.o(i.__0snprintf$6) refers to printf6.o(i._printf_core) for _printf_core
    printf6.o(i.__0snprintf$6) refers to printf6.o(i._snputc) for _snputc
    printf6.o(i.__0sprintf$6) refers to printf6.o(i._printf_core) for _printf_core
    printf6.o(i.__0sprintf$6) refers to printf6.o(i._sputc) for _sputc
    printf6.o(i.__0vfprintf$6) refers to printf6.o(i._printf_core) for _printf_core
    printf6.o(i.__0vfprintf$6) refers to usart.o(.text) for fputc
    printf6.o(i.__0vprintf$6) refers to printf6.o(i._printf_core) for _printf_core
    printf6.o(i.__0vprintf$6) refers to usart.o(.text) for fputc
    printf6.o(i.__0vprintf$6) refers to usart.o(.data) for __stdout
    printf6.o(i.__0vsnprintf$6) refers to printf6.o(i._printf_core) for _printf_core
    printf6.o(i.__0vsnprintf$6) refers to printf6.o(i._snputc) for _snputc
    printf6.o(i.__0vsprintf$6) refers to printf6.o(i._printf_core) for _printf_core
    printf6.o(i.__0vsprintf$6) refers to printf6.o(i._sputc) for _sputc
    printf6.o(i._printf_core) refers to printf6.o(i._printf_pre_padding) for _printf_pre_padding
    printf6.o(i._printf_core) refers to uidiv.o(.text) for __aeabi_uidivmod
    printf6.o(i._printf_core) refers to printf6.o(i._printf_post_padding) for _printf_post_padding
    printf7.o(i.__0fprintf$7) refers to printf7.o(i._printf_core) for _printf_core
    printf7.o(i.__0fprintf$7) refers to usart.o(.text) for fputc
    printf7.o(i.__0printf$7) refers to printf7.o(i._printf_core) for _printf_core
    printf7.o(i.__0printf$7) refers to usart.o(.text) for fputc
    printf7.o(i.__0printf$7) refers to usart.o(.data) for __stdout
    printf7.o(i.__0snprintf$7) refers to printf7.o(i._printf_core) for _printf_core
    printf7.o(i.__0snprintf$7) refers to printf7.o(i._snputc) for _snputc
    printf7.o(i.__0sprintf$7) refers to printf7.o(i._printf_core) for _printf_core
    printf7.o(i.__0sprintf$7) refers to printf7.o(i._sputc) for _sputc
    printf7.o(i.__0vfprintf$7) refers to printf7.o(i._printf_core) for _printf_core
    printf7.o(i.__0vfprintf$7) refers to usart.o(.text) for fputc
    printf7.o(i.__0vprintf$7) refers to printf7.o(i._printf_core) for _printf_core
    printf7.o(i.__0vprintf$7) refers to usart.o(.text) for fputc
    printf7.o(i.__0vprintf$7) refers to usart.o(.data) for __stdout
    printf7.o(i.__0vsnprintf$7) refers to printf7.o(i._printf_core) for _printf_core
    printf7.o(i.__0vsnprintf$7) refers to printf7.o(i._snputc) for _snputc
    printf7.o(i.__0vsprintf$7) refers to printf7.o(i._printf_core) for _printf_core
    printf7.o(i.__0vsprintf$7) refers to printf7.o(i._sputc) for _sputc
    printf7.o(i._printf_core) refers to printf7.o(i._printf_pre_padding) for _printf_pre_padding
    printf7.o(i._printf_core) refers to uldiv.o(.text) for __aeabi_uldivmod
    printf7.o(i._printf_core) refers to printf7.o(i._printf_post_padding) for _printf_post_padding
    printf8.o(i.__0fprintf$8) refers to printf8.o(i._printf_core) for _printf_core
    printf8.o(i.__0fprintf$8) refers to usart.o(.text) for fputc
    printf8.o(i.__0printf$8) refers to printf8.o(i._printf_core) for _printf_core
    printf8.o(i.__0printf$8) refers to usart.o(.text) for fputc
    printf8.o(i.__0printf$8) refers to usart.o(.data) for __stdout
    printf8.o(i.__0snprintf$8) refers to printf8.o(i._printf_core) for _printf_core
    printf8.o(i.__0snprintf$8) refers to printf8.o(i._snputc) for _snputc
    printf8.o(i.__0sprintf$8) refers to printf8.o(i._printf_core) for _printf_core
    printf8.o(i.__0sprintf$8) refers to printf8.o(i._sputc) for _sputc
    printf8.o(i.__0vfprintf$8) refers to printf8.o(i._printf_core) for _printf_core
    printf8.o(i.__0vfprintf$8) refers to usart.o(.text) for fputc
    printf8.o(i.__0vprintf$8) refers to printf8.o(i._printf_core) for _printf_core
    printf8.o(i.__0vprintf$8) refers to usart.o(.text) for fputc
    printf8.o(i.__0vprintf$8) refers to usart.o(.data) for __stdout
    printf8.o(i.__0vsnprintf$8) refers to printf8.o(i._printf_core) for _printf_core
    printf8.o(i.__0vsnprintf$8) refers to printf8.o(i._snputc) for _snputc
    printf8.o(i.__0vsprintf$8) refers to printf8.o(i._printf_core) for _printf_core
    printf8.o(i.__0vsprintf$8) refers to printf8.o(i._sputc) for _sputc
    printf8.o(i._printf_core) refers to printf8.o(i._printf_pre_padding) for _printf_pre_padding
    printf8.o(i._printf_core) refers to uldiv.o(.text) for __aeabi_uldivmod
    printf8.o(i._printf_core) refers to printf8.o(i._printf_post_padding) for _printf_post_padding
    printfa.o(i.__0fprintf) refers (Special) to iusefp.o(.text) for __I$use$fp
    printfa.o(i.__0fprintf) refers to printfa.o(i._printf_core) for _printf_core
    printfa.o(i.__0fprintf) refers to usart.o(.text) for fputc
    printfa.o(i.__0printf) refers (Special) to iusefp.o(.text) for __I$use$fp
    printfa.o(i.__0printf) refers to printfa.o(i._printf_core) for _printf_core
    printfa.o(i.__0printf) refers to usart.o(.text) for fputc
    printfa.o(i.__0printf) refers to usart.o(.data) for __stdout
    printfa.o(i.__0snprintf) refers (Special) to iusefp.o(.text) for __I$use$fp
    printfa.o(i.__0snprintf) refers to printfa.o(i._printf_core) for _printf_core
    printfa.o(i.__0snprintf) refers to printfa.o(i._snputc) for _snputc
    printfa.o(i.__0sprintf) refers (Special) to iusefp.o(.text) for __I$use$fp
    printfa.o(i.__0sprintf) refers to printfa.o(i._printf_core) for _printf_core
    printfa.o(i.__0sprintf) refers to printfa.o(i._sputc) for _sputc
    printfa.o(i.__0vfprintf) refers (Special) to iusefp.o(.text) for __I$use$fp
    printfa.o(i.__0vfprintf) refers to printfa.o(i._printf_core) for _printf_core
    printfa.o(i.__0vfprintf) refers to usart.o(.text) for fputc
    printfa.o(i.__0vprintf) refers (Special) to iusefp.o(.text) for __I$use$fp
    printfa.o(i.__0vprintf) refers to printfa.o(i._printf_core) for _printf_core
    printfa.o(i.__0vprintf) refers to usart.o(.text) for fputc
    printfa.o(i.__0vprintf) refers to usart.o(.data) for __stdout
    printfa.o(i.__0vsnprintf) refers (Special) to iusefp.o(.text) for __I$use$fp
    printfa.o(i.__0vsnprintf) refers to printfa.o(i._printf_core) for _printf_core
    printfa.o(i.__0vsnprintf) refers to printfa.o(i._snputc) for _snputc
    printfa.o(i.__0vsprintf) refers (Special) to iusefp.o(.text) for __I$use$fp
    printfa.o(i.__0vsprintf) refers to printfa.o(i._printf_core) for _printf_core
    printfa.o(i.__0vsprintf) refers to printfa.o(i._sputc) for _sputc
    printfa.o(i._fp_digits) refers (Special) to iusefp.o(.text) for __I$use$fp
    printfa.o(i._fp_digits) refers to dmul.o(.text) for __aeabi_dmul
    printfa.o(i._fp_digits) refers to ddiv.o(.text) for __aeabi_ddiv
    printfa.o(i._fp_digits) refers to cdrcmple.o(.text) for __aeabi_cdrcmple
    printfa.o(i._fp_digits) refers to dadd.o(.text) for __aeabi_dadd
    printfa.o(i._fp_digits) refers to dfixul.o(.text) for __aeabi_d2ulz
    printfa.o(i._fp_digits) refers to uldiv.o(.text) for __aeabi_uldivmod
    printfa.o(i._printf_core) refers (Special) to iusefp.o(.text) for __I$use$fp
    printfa.o(i._printf_core) refers to printfa.o(i._printf_pre_padding) for _printf_pre_padding
    printfa.o(i._printf_core) refers to uldiv.o(.text) for __aeabi_uldivmod
    printfa.o(i._printf_core) refers to printfa.o(i._printf_post_padding) for _printf_post_padding
    printfa.o(i._printf_core) refers to printfa.o(i._fp_digits) for _fp_digits
    printfa.o(i._printf_core) refers to uidiv.o(.text) for __aeabi_uidivmod
    printfa.o(i._printf_post_padding) refers (Special) to iusefp.o(.text) for __I$use$fp
    printfa.o(i._printf_pre_padding) refers (Special) to iusefp.o(.text) for __I$use$fp
    printfa.o(i._snputc) refers (Special) to iusefp.o(.text) for __I$use$fp
    printfa.o(i._sputc) refers (Special) to iusefp.o(.text) for __I$use$fp
    malloc.o(i.free) refers to mvars.o(.data) for __microlib_freelist
    malloc.o(i.malloc) refers to mvars.o(.data) for __microlib_freelist_initialised
    malloc.o(i.malloc) refers to mvars.o(.data) for __microlib_freelist
    malloc.o(i.malloc) refers to startup_stm32f40_41xxx.o(HEAP) for __heap_base
    mallocr.o(i.__free$realloc) refers to mvars.o(.data) for __microlib_freelist
    mallocr.o(i.__malloc$realloc) refers to mallocr.o(i.internal_alloc) for internal_alloc
    mallocr.o(i.__malloc$realloc) refers to mvars.o(.data) for __microlib_freelist_initialised
    mallocr.o(i.__malloc$realloc) refers to startup_stm32f40_41xxx.o(HEAP) for __heap_base
    mallocr.o(i.__malloc$realloc) refers to mvars.o(.data) for __microlib_freelist
    mallocr.o(i.internal_alloc) refers to memcpya.o(.text) for __aeabi_memcpy
    mallocr.o(i.internal_alloc) refers to mvars.o(.data) for __microlib_freelist
    mallocr.o(i.realloc) refers to mallocr.o(i.__free$realloc) for __free$realloc
    mallocr.o(i.realloc) refers to mallocr.o(i.internal_alloc) for internal_alloc
    mallocr.o(i.realloc) refers to mallocr.o(i.__malloc$realloc) for __malloc$realloc
    mallocr.o(i.realloc) refers to mvars.o(.data) for __microlib_freelist
    malloca.o(i.__aligned_malloc) refers to mvars.o(.data) for __microlib_freelist_initialised
    malloca.o(i.__aligned_malloc) refers to mvars.o(.data) for __microlib_freelist
    malloca.o(i.__aligned_malloc) refers to startup_stm32f40_41xxx.o(HEAP) for __heap_base
    malloca.o(i.__free$memalign) refers to mvars.o(.data) for __microlib_freelist
    malloca.o(i.__malloc$memalign) refers to malloca.o(i.__aligned_malloc) for __aligned_malloc
    mallocra.o(i.__aligned_malloc$realloc) refers to mallocra.o(i.internal_alloc) for internal_alloc
    mallocra.o(i.__aligned_malloc$realloc) refers to mvars.o(.data) for __microlib_freelist_initialised
    mallocra.o(i.__aligned_malloc$realloc) refers to startup_stm32f40_41xxx.o(HEAP) for __heap_base
    mallocra.o(i.__aligned_malloc$realloc) refers to mvars.o(.data) for __microlib_freelist
    mallocra.o(i.__free$realloc$memalign) refers to mvars.o(.data) for __microlib_freelist
    mallocra.o(i.__malloc$realloc$memalign) refers to mallocra.o(i.__aligned_malloc$realloc) for __aligned_malloc$realloc
    mallocra.o(i.__realloc$memalign) refers to mallocra.o(i.__free$realloc$memalign) for __free$realloc$memalign
    mallocra.o(i.__realloc$memalign) refers to mallocra.o(i.internal_alloc) for internal_alloc
    mallocra.o(i.__realloc$memalign) refers to mallocra.o(i.__malloc$realloc$memalign) for __malloc$realloc$memalign
    mallocra.o(i.__realloc$memalign) refers to mvars.o(.data) for __microlib_freelist
    mallocra.o(i.internal_alloc) refers to memcpya.o(.text) for __aeabi_memcpy
    mallocra.o(i.internal_alloc) refers to mvars.o(.data) for __microlib_freelist
    entry2.o(.ARM.Collect$$$$00000001) refers to entry2.o(.ARM.Collect$$$$00002712) for __lit__00000000
    entry2.o(.ARM.Collect$$$$00002712) refers to startup_stm32f40_41xxx.o(STACK) for __initial_sp
    entry2.o(__vectab_stack_and_reset_area) refers to startup_stm32f40_41xxx.o(STACK) for __initial_sp
    entry2.o(__vectab_stack_and_reset_area) refers to entry.o(.ARM.Collect$$$$00000000) for __main
    entry5.o(.ARM.Collect$$$$00000004) refers to init.o(.text) for __scatterload
    entry9a.o(.ARM.Collect$$$$0000000B) refers to main.o(.text) for main
    entry9b.o(.ARM.Collect$$$$0000000C) refers to main.o(.text) for main
    uldiv.o(.text) refers to llushr.o(.text) for __aeabi_llsr
    uldiv.o(.text) refers to llshl.o(.text) for __aeabi_llsl
    dadd.o(.text) refers to llshl.o(.text) for __aeabi_llsl
    dadd.o(.text) refers to llsshr.o(.text) for __aeabi_lasr
    dadd.o(.text) refers to depilogue.o(.text) for _double_epilogue
    dmul.o(.text) refers to depilogue.o(.text) for _double_epilogue
    ddiv.o(.text) refers to depilogue.o(.text) for _double_round
    dfixul.o(.text) refers to llushr.o(.text) for __aeabi_llsr
    dfixul.o(.text) refers to llshl.o(.text) for __aeabi_llsl
    init.o(.text) refers to entry5.o(.ARM.Collect$$$$00000004) for __main_after_scatterload
    depilogue.o(.text) refers to llshl.o(.text) for __aeabi_llsl
    depilogue.o(.text) refers to llushr.o(.text) for __aeabi_llsr


==============================================================================

Removing Unused input sections from the image.

    Removing main.o(.rev16_text), (4 bytes).
    Removing main.o(.revsh_text), (4 bytes).
    Removing stm32f4xx_it.o(.rev16_text), (4 bytes).
    Removing stm32f4xx_it.o(.revsh_text), (4 bytes).
    Removing system_stm32f4xx.o(.rev16_text), (4 bytes).
    Removing system_stm32f4xx.o(.revsh_text), (4 bytes).
    Removing color.o(.constdata), (40 bytes).
    Removing grid.o(.rev16_text), (4 bytes).
    Removing grid.o(.revsh_text), (4 bytes).
    Removing tetris.o(.rev16_text), (4 bytes).
    Removing tetris.o(.revsh_text), (4 bytes).
    Removing dispaly.o(.rev16_text), (4 bytes).
    Removing dispaly.o(.revsh_text), (4 bytes).
    Removing dispaly.o(.text), (512 bytes).
    Removing dispaly.o(.bss), (1536 bytes).
    Removing led.o(.rev16_text), (4 bytes).
    Removing led.o(.revsh_text), (4 bytes).
    Removing timer.o(.rev16_text), (4 bytes).
    Removing timer.o(.revsh_text), (4 bytes).
    Removing beep.o(.rev16_text), (4 bytes).
    Removing beep.o(.revsh_text), (4 bytes).
    Removing beep.o(.text), (64 bytes).
    Removing key.o(.rev16_text), (4 bytes).
    Removing key.o(.revsh_text), (4 bytes).
    Removing exti.o(.rev16_text), (4 bytes).
    Removing exti.o(.revsh_text), (4 bytes).
    Removing fsmc.o(.rev16_text), (4 bytes).
    Removing fsmc.o(.revsh_text), (4 bytes).
    Removing delay.o(.rev16_text), (4 bytes).
    Removing delay.o(.revsh_text), (4 bytes).
    Removing sys.o(.rev16_text), (4 bytes).
    Removing sys.o(.revsh_text), (4 bytes).
    Removing sys.o(.emb_text), (16 bytes).
    Removing usart.o(.rev16_text), (4 bytes).
    Removing usart.o(.revsh_text), (4 bytes).
    Removing misc.o(.rev16_text), (4 bytes).
    Removing misc.o(.revsh_text), (4 bytes).
    Removing stm32f4xx_gpio.o(.rev16_text), (4 bytes).
    Removing stm32f4xx_gpio.o(.revsh_text), (4 bytes).
    Removing stm32f4xx_rcc.o(.rev16_text), (4 bytes).
    Removing stm32f4xx_rcc.o(.revsh_text), (4 bytes).
    Removing stm32f4xx_syscfg.o(.rev16_text), (4 bytes).
    Removing stm32f4xx_syscfg.o(.revsh_text), (4 bytes).
    Removing stm32f4xx_tim.o(.rev16_text), (4 bytes).
    Removing stm32f4xx_tim.o(.revsh_text), (4 bytes).
    Removing stm32f4xx_usart.o(.rev16_text), (4 bytes).
    Removing stm32f4xx_usart.o(.revsh_text), (4 bytes).
    Removing stm32f4xx_exti.o(.rev16_text), (4 bytes).
    Removing stm32f4xx_exti.o(.revsh_text), (4 bytes).
    Removing stm32f4xx_fsmc.o(.rev16_text), (4 bytes).
    Removing stm32f4xx_fsmc.o(.revsh_text), (4 bytes).
    Removing dadd.o(.text), (334 bytes).
    Removing dmul.o(.text), (228 bytes).
    Removing ddiv.o(.text), (222 bytes).
    Removing dfixul.o(.text), (48 bytes).
    Removing cdrcmple.o(.text), (48 bytes).
    Removing depilogue.o(.text), (186 bytes).

57 unused section(s) (total 3418 bytes) removed from the image.

==============================================================================

Image Symbol Table

    Local Symbols

    Symbol Name                              Value     Ov Type        Size  Object(Section)

    ../clib/microlib/division.c              0x00000000   Number         0  uidiv.o ABSOLUTE
    ../clib/microlib/division.c              0x00000000   Number         0  uldiv.o ABSOLUTE
    ../clib/microlib/init/entry.s            0x00000000   Number         0  entry11a.o ABSOLUTE
    ../clib/microlib/init/entry.s            0x00000000   Number         0  entry12a.o ABSOLUTE
    ../clib/microlib/init/entry.s            0x00000000   Number         0  entry11b.o ABSOLUTE
    ../clib/microlib/init/entry.s            0x00000000   Number         0  entry2.o ABSOLUTE
    ../clib/microlib/init/entry.s            0x00000000   Number         0  entry10b.o ABSOLUTE
    ../clib/microlib/init/entry.s            0x00000000   Number         0  entry10a.o ABSOLUTE
    ../clib/microlib/init/entry.s            0x00000000   Number         0  entry9b.o ABSOLUTE
    ../clib/microlib/init/entry.s            0x00000000   Number         0  entry5.o ABSOLUTE
    ../clib/microlib/init/entry.s            0x00000000   Number         0  entry9a.o ABSOLUTE
    ../clib/microlib/init/entry.s            0x00000000   Number         0  entry8b.o ABSOLUTE
    ../clib/microlib/init/entry.s            0x00000000   Number         0  entry8a.o ABSOLUTE
    ../clib/microlib/init/entry.s            0x00000000   Number         0  entry7b.o ABSOLUTE
    ../clib/microlib/init/entry.s            0x00000000   Number         0  entry12b.o ABSOLUTE
    ../clib/microlib/init/entry.s            0x00000000   Number         0  entry7a.o ABSOLUTE
    ../clib/microlib/init/entry.s            0x00000000   Number         0  entry.o ABSOLUTE
    ../clib/microlib/longlong.c              0x00000000   Number         0  llsshr.o ABSOLUTE
    ../clib/microlib/longlong.c              0x00000000   Number         0  llushr.o ABSOLUTE
    ../clib/microlib/longlong.c              0x00000000   Number         0  llshl.o ABSOLUTE
    ../clib/microlib/malloc/malloc.c         0x00000000   Number         0  mallocr.o ABSOLUTE
    ../clib/microlib/malloc/malloc.c         0x00000000   Number         0  mallocra.o ABSOLUTE
    ../clib/microlib/malloc/malloc.c         0x00000000   Number         0  malloca.o ABSOLUTE
    ../clib/microlib/malloc/malloc.c         0x00000000   Number         0  malloc.o ABSOLUTE
    ../clib/microlib/malloc/mvars.c          0x00000000   Number         0  mvars.o ABSOLUTE
    ../clib/microlib/printf/printf.c         0x00000000   Number         0  printf6.o ABSOLUTE
    ../clib/microlib/printf/printf.c         0x00000000   Number         0  printf7.o ABSOLUTE
    ../clib/microlib/printf/printf.c         0x00000000   Number         0  printfb.o ABSOLUTE
    ../clib/microlib/printf/printf.c         0x00000000   Number         0  printf0.o ABSOLUTE
    ../clib/microlib/printf/printf.c         0x00000000   Number         0  printf8.o ABSOLUTE
    ../clib/microlib/printf/printf.c         0x00000000   Number         0  printf1.o ABSOLUTE
    ../clib/microlib/printf/printf.c         0x00000000   Number         0  printfa.o ABSOLUTE
    ../clib/microlib/printf/printf.c         0x00000000   Number         0  printf2.o ABSOLUTE
    ../clib/microlib/printf/printf.c         0x00000000   Number         0  printf3.o ABSOLUTE
    ../clib/microlib/printf/printf.c         0x00000000   Number         0  printf4.o ABSOLUTE
    ../clib/microlib/printf/printf.c         0x00000000   Number         0  printf5.o ABSOLUTE
    ../clib/microlib/printf/stubs.s          0x00000000   Number         0  stubs.o ABSOLUTE
    ../clib/microlib/string/memcpy.c         0x00000000   Number         0  memcpya.o ABSOLUTE
    ../clib/microlib/string/memcpy.c         0x00000000   Number         0  memcpyb.o ABSOLUTE
    ../clib/microlib/stubs.s                 0x00000000   Number         0  useno.o ABSOLUTE
    ../clib/microlib/stubs.s                 0x00000000   Number         0  iusefp.o ABSOLUTE
    ../fplib/microlib/fpadd.c                0x00000000   Number         0  dadd.o ABSOLUTE
    ../fplib/microlib/fpdiv.c                0x00000000   Number         0  ddiv.o ABSOLUTE
    ../fplib/microlib/fpepilogue.c           0x00000000   Number         0  depilogue.o ABSOLUTE
    ../fplib/microlib/fpfix.c                0x00000000   Number         0  dfixul.o ABSOLUTE
    ../fplib/microlib/fpmul.c                0x00000000   Number         0  dmul.o ABSOLUTE
    ..\CORE\startup_stm32f40_41xxx.s         0x00000000   Number         0  startup_stm32f40_41xxx.o ABSOLUTE
    ..\FWLIB\src\misc.c                      0x00000000   Number         0  misc.o ABSOLUTE
    ..\FWLIB\src\stm32f4xx_exti.c            0x00000000   Number         0  stm32f4xx_exti.o ABSOLUTE
    ..\FWLIB\src\stm32f4xx_fsmc.c            0x00000000   Number         0  stm32f4xx_fsmc.o ABSOLUTE
    ..\FWLIB\src\stm32f4xx_gpio.c            0x00000000   Number         0  stm32f4xx_gpio.o ABSOLUTE
    ..\FWLIB\src\stm32f4xx_rcc.c             0x00000000   Number         0  stm32f4xx_rcc.o ABSOLUTE
    ..\FWLIB\src\stm32f4xx_syscfg.c          0x00000000   Number         0  stm32f4xx_syscfg.o ABSOLUTE
    ..\FWLIB\src\stm32f4xx_tim.c             0x00000000   Number         0  stm32f4xx_tim.o ABSOLUTE
    ..\FWLIB\src\stm32f4xx_usart.c           0x00000000   Number         0  stm32f4xx_usart.o ABSOLUTE
    ..\HARDWARE\BEEP\beep.c                  0x00000000   Number         0  beep.o ABSOLUTE
    ..\HARDWARE\EXTI\exti.c                  0x00000000   Number         0  exti.o ABSOLUTE
    ..\HARDWARE\FSMC\fsmc.c                  0x00000000   Number         0  fsmc.o ABSOLUTE
    ..\HARDWARE\KEY\key.c                    0x00000000   Number         0  key.o ABSOLUTE
    ..\HARDWARE\LED\led.c                    0x00000000   Number         0  led.o ABSOLUTE
    ..\HARDWARE\TIMER\timer.c                0x00000000   Number         0  timer.o ABSOLUTE
    ..\SYSTEM\delay\delay.c                  0x00000000   Number         0  delay.o ABSOLUTE
    ..\SYSTEM\sys\sys.c                      0x00000000   Number         0  sys.o ABSOLUTE
    ..\SYSTEM\usart\usart.c                  0x00000000   Number         0  usart.o ABSOLUTE
    ..\\FWLIB\\src\\misc.c                   0x00000000   Number         0  misc.o ABSOLUTE
    ..\\FWLIB\\src\\stm32f4xx_exti.c         0x00000000   Number         0  stm32f4xx_exti.o ABSOLUTE
    ..\\FWLIB\\src\\stm32f4xx_fsmc.c         0x00000000   Number         0  stm32f4xx_fsmc.o ABSOLUTE
    ..\\FWLIB\\src\\stm32f4xx_gpio.c         0x00000000   Number         0  stm32f4xx_gpio.o ABSOLUTE
    ..\\FWLIB\\src\\stm32f4xx_rcc.c          0x00000000   Number         0  stm32f4xx_rcc.o ABSOLUTE
    ..\\FWLIB\\src\\stm32f4xx_syscfg.c       0x00000000   Number         0  stm32f4xx_syscfg.o ABSOLUTE
    ..\\FWLIB\\src\\stm32f4xx_tim.c          0x00000000   Number         0  stm32f4xx_tim.o ABSOLUTE
    ..\\FWLIB\\src\\stm32f4xx_usart.c        0x00000000   Number         0  stm32f4xx_usart.o ABSOLUTE
    ..\\HARDWARE\\BEEP\\beep.c               0x00000000   Number         0  beep.o ABSOLUTE
    ..\\HARDWARE\\EXTI\\exti.c               0x00000000   Number         0  exti.o ABSOLUTE
    ..\\HARDWARE\\FSMC\\fsmc.c               0x00000000   Number         0  fsmc.o ABSOLUTE
    ..\\HARDWARE\\KEY\\key.c                 0x00000000   Number         0  key.o ABSOLUTE
    ..\\HARDWARE\\LED\\led.c                 0x00000000   Number         0  led.o ABSOLUTE
    ..\\HARDWARE\\TIMER\\timer.c             0x00000000   Number         0  timer.o ABSOLUTE
    ..\\SYSTEM\\delay\\delay.c               0x00000000   Number         0  delay.o ABSOLUTE
    ..\\SYSTEM\\sys\\sys.c                   0x00000000   Number         0  sys.o ABSOLUTE
    ..\\SYSTEM\\usart\\usart.c               0x00000000   Number         0  usart.o ABSOLUTE
    block.c                                  0x00000000   Number         0  block.o ABSOLUTE
    cdrcmple.s                               0x00000000   Number         0  cdrcmple.o ABSOLUTE
    color.c                                  0x00000000   Number         0  color.o ABSOLUTE
    dc.s                                     0x00000000   Number         0  dc.o ABSOLUTE
    dispaly.c                                0x00000000   Number         0  dispaly.o ABSOLUTE
    dispaly.c                                0x00000000   Number         0  dispaly.o ABSOLUTE
    game.c                                   0x00000000   Number         0  game.o ABSOLUTE
    grid.c                                   0x00000000   Number         0  grid.o ABSOLUTE
    grid.c                                   0x00000000   Number         0  grid.o ABSOLUTE
    handlers.s                               0x00000000   Number         0  handlers.o ABSOLUTE
    init.s                                   0x00000000   Number         0  init.o ABSOLUTE
    main.c                                   0x00000000   Number         0  main.o ABSOLUTE
    main.c                                   0x00000000   Number         0  main.o ABSOLUTE
    stm32f4xx_it.c                           0x00000000   Number         0  stm32f4xx_it.o ABSOLUTE
    stm32f4xx_it.c                           0x00000000   Number         0  stm32f4xx_it.o ABSOLUTE
    system_stm32f4xx.c                       0x00000000   Number         0  system_stm32f4xx.o ABSOLUTE
    system_stm32f4xx.c                       0x00000000   Number         0  system_stm32f4xx.o ABSOLUTE
    tetris.c                                 0x00000000   Number         0  tetris.o ABSOLUTE
    tetris.c                                 0x00000000   Number         0  tetris.o ABSOLUTE
    RESET                                    0x08000000   Section      392  startup_stm32f40_41xxx.o(RESET)
    .ARM.Collect$$$$00000000                 0x08000188   Section        0  entry.o(.ARM.Collect$$$$00000000)
    .ARM.Collect$$$$00000001                 0x08000188   Section        4  entry2.o(.ARM.Collect$$$$00000001)
    .ARM.Collect$$$$00000004                 0x0800018c   Section        4  entry5.o(.ARM.Collect$$$$00000004)
    .ARM.Collect$$$$00000008                 0x08000190   Section        0  entry7b.o(.ARM.Collect$$$$00000008)
    .ARM.Collect$$$$0000000A                 0x08000190   Section        0  entry8b.o(.ARM.Collect$$$$0000000A)
    .ARM.Collect$$$$0000000B                 0x08000190   Section        8  entry9a.o(.ARM.Collect$$$$0000000B)
    .ARM.Collect$$$$0000000E                 0x08000198   Section        4  entry12b.o(.ARM.Collect$$$$0000000E)
    .ARM.Collect$$$$0000000F                 0x0800019c   Section        0  entry10a.o(.ARM.Collect$$$$0000000F)
    .ARM.Collect$$$$00000011                 0x0800019c   Section        0  entry11a.o(.ARM.Collect$$$$00000011)
    .ARM.Collect$$$$00002712                 0x0800019c   Section        4  entry2.o(.ARM.Collect$$$$00002712)
    __lit__00000000                          0x0800019c   Data           4  entry2.o(.ARM.Collect$$$$00002712)
    .text                                    0x080001a0   Section        0  main.o(.text)
    .text                                    0x08000264   Section        0  stm32f4xx_it.o(.text)
    .text                                    0x08000280   Section        0  system_stm32f4xx.o(.text)
    SetSysClock                              0x08000281   Thumb Code   220  system_stm32f4xx.o(.text)
    .text                                    0x08000490   Section        0  block.o(.text)
    .text                                    0x080009c0   Section        0  color.o(.text)
    .text                                    0x080009c8   Section        0  game.o(.text)
    .text                                    0x08000d84   Section        0  grid.o(.text)
    .text                                    0x08001050   Section        0  tetris.o(.text)
    .text                                    0x080014b4   Section        0  led.o(.text)
    .text                                    0x080014f4   Section        0  timer.o(.text)
    .text                                    0x08001570   Section        0  key.o(.text)
    .text                                    0x08001674   Section        0  exti.o(.text)
    .text                                    0x080017fc   Section        0  fsmc.o(.text)
    .text                                    0x080019b8   Section        0  delay.o(.text)
    .text                                    0x08001abc   Section        0  usart.o(.text)
    .text                                    0x08001d20   Section       36  startup_stm32f40_41xxx.o(.text)
    $v0                                      0x08001d20   Number         0  startup_stm32f40_41xxx.o(.text)
    .text                                    0x08001d44   Section        0  misc.o(.text)
    .text                                    0x08001e24   Section        0  stm32f4xx_gpio.o(.text)
    .text                                    0x080020b8   Section        0  stm32f4xx_rcc.o(.text)
    .text                                    0x08002714   Section        0  stm32f4xx_syscfg.o(.text)
    .text                                    0x080027a8   Section        0  stm32f4xx_tim.o(.text)
    TI4_Config                               0x08002f47   Thumb Code    80  stm32f4xx_tim.o(.text)
    TI3_Config                               0x08002fa9   Thumb Code    72  stm32f4xx_tim.o(.text)
    TI2_Config                               0x0800300b   Thumb Code    90  stm32f4xx_tim.o(.text)
    TI1_Config                               0x08003077   Thumb Code    58  stm32f4xx_tim.o(.text)
    .text                                    0x0800344c   Section        0  stm32f4xx_usart.o(.text)
    .text                                    0x080038a0   Section        0  stm32f4xx_exti.o(.text)
    .text                                    0x080039b0   Section        0  stm32f4xx_fsmc.o(.text)
    .text                                    0x08003f78   Section        0  uidiv.o(.text)
    .text                                    0x08003fa4   Section       36  init.o(.text)
    i.__0printf$1                            0x08003fc8   Section        0  printf1.o(i.__0printf$1)
    i.__scatterload_copy                     0x08003fe8   Section       14  handlers.o(i.__scatterload_copy)
    i.__scatterload_null                     0x08003ff6   Section        2  handlers.o(i.__scatterload_null)
    i.__scatterload_zeroinit                 0x08003ff8   Section       14  handlers.o(i.__scatterload_zeroinit)
    i._printf_core                           0x08004008   Section        0  printf1.o(i._printf_core)
    _printf_core                             0x08004009   Thumb Code   336  printf1.o(i._printf_core)
    i.free                                   0x0800415c   Section        0  malloc.o(i.free)
    i.malloc                                 0x080041ac   Section        0  malloc.o(i.malloc)
    .constdata                               0x08004218   Section       28  stm32f4xx_fsmc.o(.constdata)
    .data                                    0x20000000   Section        3  main.o(.data)
    .data                                    0x20000004   Section       20  system_stm32f4xx.o(.data)
    .data                                    0x20000018   Section       32  color.o(.data)
    colors                                   0x20000018   Data          32  color.o(.data)
    .data                                    0x20000038   Section        4  game.o(.data)
    .data                                    0x2000003c   Section        1  tetris.o(.data)
    .data                                    0x2000003d   Section        1  key.o(.data)
    key_up                                   0x2000003d   Data           1  key.o(.data)
    .data                                    0x2000003e   Section        4  delay.o(.data)
    fac_us                                   0x2000003e   Data           1  delay.o(.data)
    fac_ms                                   0x20000040   Data           2  delay.o(.data)
    .data                                    0x20000044   Section        6  usart.o(.data)
    .data                                    0x2000004a   Section       16  stm32f4xx_rcc.o(.data)
    APBAHBPrescTable                         0x2000004a   Data          16  stm32f4xx_rcc.o(.data)
    .data                                    0x2000005c   Section        4  mvars.o(.data)
    .data                                    0x20000060   Section        4  mvars.o(.data)
    .bss                                     0x20000064   Section      200  usart.o(.bss)
    HEAP                                     0x20000130   Section    102400  startup_stm32f40_41xxx.o(HEAP)
    STACK                                    0x20019130   Section     1024  startup_stm32f40_41xxx.o(STACK)

    Global Symbols

    Symbol Name                              Value     Ov Type        Size  Object(Section)

    BuildAttributes$$THM_ISAv4$E$P$D$K$B$S$7EM$VFPi3$EXTD16$VFPS$VFMA$PE$A:L22UL41UL21$X:L11$S22US41US21$IEEE1$IW$USESV6$~STKCKD$USESV7$~SHL$OSPACE$ROPI$EBA8$MICROLIB$REQ8$PRES8$EABIv2 0x00000000   Number         0  anon$$obj.o ABSOLUTE
    __ARM_use_no_argv                        0x00000000   Number         0  main.o ABSOLUTE
    __use_no_errno                           0x00000000   Number         0  useno.o ABSOLUTE
    __use_no_exception_handling              0x00000000   Number         0  useno.o ABSOLUTE
    __use_no_fp                              0x00000000   Number         0  useno.o ABSOLUTE
    __use_no_heap                            0x00000000   Number         0  useno.o ABSOLUTE
    __use_no_heap_region                     0x00000000   Number         0  useno.o ABSOLUTE
    __use_no_semihosting                     0x00000000   Number         0  useno.o ABSOLUTE
    __use_no_semihosting_swi                 0x00000000   Number         0  useno.o ABSOLUTE
    __use_no_signal_handling                 0x00000000   Number         0  useno.o ABSOLUTE
    _printf_a                                0x00000000   Number         0  stubs.o ABSOLUTE
    _printf_c                                0x00000000   Number         0  stubs.o ABSOLUTE
    _printf_charcount                        0x00000000   Number         0  stubs.o ABSOLUTE
    _printf_d                                0x00000000   Number         0  stubs.o ABSOLUTE
    _printf_e                                0x00000000   Number         0  stubs.o ABSOLUTE
    _printf_f                                0x00000000   Number         0  stubs.o ABSOLUTE
    _printf_flags                            0x00000000   Number         0  stubs.o ABSOLUTE
    _printf_fp_dec                           0x00000000   Number         0  stubs.o ABSOLUTE
    _printf_fp_hex                           0x00000000   Number         0  stubs.o ABSOLUTE
    _printf_g                                0x00000000   Number         0  stubs.o ABSOLUTE
    _printf_i                                0x00000000   Number         0  stubs.o ABSOLUTE
    _printf_int_dec                          0x00000000   Number         0  stubs.o ABSOLUTE
    _printf_l                                0x00000000   Number         0  stubs.o ABSOLUTE
    _printf_lc                               0x00000000   Number         0  stubs.o ABSOLUTE
    _printf_ll                               0x00000000   Number         0  stubs.o ABSOLUTE
    _printf_lld                              0x00000000   Number         0  stubs.o ABSOLUTE
    _printf_lli                              0x00000000   Number         0  stubs.o ABSOLUTE
    _printf_llo                              0x00000000   Number         0  stubs.o ABSOLUTE
    _printf_llu                              0x00000000   Number         0  stubs.o ABSOLUTE
    _printf_llx                              0x00000000   Number         0  stubs.o ABSOLUTE
    _printf_longlong_dec                     0x00000000   Number         0  stubs.o ABSOLUTE
    _printf_longlong_hex                     0x00000000   Number         0  stubs.o ABSOLUTE
    _printf_longlong_oct                     0x00000000   Number         0  stubs.o ABSOLUTE
    _printf_ls                               0x00000000   Number         0  stubs.o ABSOLUTE
    _printf_mbtowc                           0x00000000   Number         0  stubs.o ABSOLUTE
    _printf_n                                0x00000000   Number         0  stubs.o ABSOLUTE
    _printf_o                                0x00000000   Number         0  stubs.o ABSOLUTE
    _printf_p                                0x00000000   Number         0  stubs.o ABSOLUTE
    _printf_percent                          0x00000000   Number         0  stubs.o ABSOLUTE
    _printf_pre_padding                      0x00000000   Number         0  stubs.o ABSOLUTE
    _printf_return_value                     0x00000000   Number         0  stubs.o ABSOLUTE
    _printf_s                                0x00000000   Number         0  stubs.o ABSOLUTE
    _printf_sizespec                         0x00000000   Number         0  stubs.o ABSOLUTE
    _printf_str                              0x00000000   Number         0  stubs.o ABSOLUTE
    _printf_truncate_signed                  0x00000000   Number         0  stubs.o ABSOLUTE
    _printf_truncate_unsigned                0x00000000   Number         0  stubs.o ABSOLUTE
    _printf_u                                0x00000000   Number         0  stubs.o ABSOLUTE
    _printf_wc                               0x00000000   Number         0  stubs.o ABSOLUTE
    _printf_wctomb                           0x00000000   Number         0  stubs.o ABSOLUTE
    _printf_widthprec                        0x00000000   Number         0  stubs.o ABSOLUTE
    _printf_x                                0x00000000   Number         0  stubs.o ABSOLUTE
    __arm_fini_                               - Undefined Weak Reference
    __cpp_initialize__aeabi_                  - Undefined Weak Reference
    __cxa_finalize                            - Undefined Weak Reference
    __decompress                              - Undefined Weak Reference
    _clock_init                               - Undefined Weak Reference
    _microlib_exit                            - Undefined Weak Reference
    __Vectors_Size                           0x00000188   Number         0  startup_stm32f40_41xxx.o ABSOLUTE
    __Vectors                                0x08000000   Data           4  startup_stm32f40_41xxx.o(RESET)
    __Vectors_End                            0x08000188   Data           0  startup_stm32f40_41xxx.o(RESET)
    __main                                   0x08000189   Thumb Code     0  entry.o(.ARM.Collect$$$$00000000)
    _main_stk                                0x08000189   Thumb Code     0  entry2.o(.ARM.Collect$$$$00000001)
    _main_scatterload                        0x0800018d   Thumb Code     0  entry5.o(.ARM.Collect$$$$00000004)
    __main_after_scatterload                 0x08000191   Thumb Code     0  entry5.o(.ARM.Collect$$$$00000004)
    _main_clock                              0x08000191   Thumb Code     0  entry7b.o(.ARM.Collect$$$$00000008)
    _main_cpp_init                           0x08000191   Thumb Code     0  entry8b.o(.ARM.Collect$$$$0000000A)
    _main_init                               0x08000191   Thumb Code     0  entry9a.o(.ARM.Collect$$$$0000000B)
    __rt_lib_shutdown_fini                   0x08000199   Thumb Code     0  entry12b.o(.ARM.Collect$$$$0000000E)
    __rt_final_cpp                           0x0800019d   Thumb Code     0  entry10a.o(.ARM.Collect$$$$0000000F)
    __rt_final_exit                          0x0800019d   Thumb Code     0  entry11a.o(.ARM.Collect$$$$00000011)
    ESP32_SendGameData                       0x080001a1   Thumb Code   116  main.o(.text)
    main                                     0x08000215   Thumb Code    76  main.o(.text)
    NMI_Handler                              0x08000265   Thumb Code     2  stm32f4xx_it.o(.text)
    HardFault_Handler                        0x08000267   Thumb Code     4  stm32f4xx_it.o(.text)
    MemManage_Handler                        0x0800026b   Thumb Code     4  stm32f4xx_it.o(.text)
    BusFault_Handler                         0x0800026f   Thumb Code     4  stm32f4xx_it.o(.text)
    UsageFault_Handler                       0x08000273   Thumb Code     4  stm32f4xx_it.o(.text)
    SVC_Handler                              0x08000277   Thumb Code     2  stm32f4xx_it.o(.text)
    DebugMon_Handler                         0x08000279   Thumb Code     2  stm32f4xx_it.o(.text)
    PendSV_Handler                           0x0800027b   Thumb Code     2  stm32f4xx_it.o(.text)
    SysTick_Handler                          0x0800027d   Thumb Code     2  stm32f4xx_it.o(.text)
    SystemInit                               0x0800035d   Thumb Code    88  system_stm32f4xx.o(.text)
    SystemCoreClockUpdate                    0x080003b5   Thumb Code   174  system_stm32f4xx.o(.text)
    blockMove                                0x08000491   Thumb Code    18  block.o(.text)
    blockConstructor                         0x080004a3   Thumb Code   954  block.o(.text)
    GetCellPositions                         0x0800085d   Thumb Code    74  block.o(.text)
    blockDraw                                0x080008a7   Thumb Code   234  block.o(.text)
    blockRotate                              0x08000991   Thumb Code    24  block.o(.text)
    blockUndoRotate                          0x080009a9   Thumb Code    24  block.o(.text)
    GetCellColors                            0x080009c1   Thumb Code     4  color.o(.text)
    myRand                                   0x080009c9   Thumb Code    22  game.o(.text)
    shuffleBlocks                            0x080009df   Thumb Code    48  game.o(.text)
    gameGetRandomBlock                       0x08000a0f   Thumb Code    36  game.o(.text)
    gameGetAllBlocks                         0x08000a33   Thumb Code    84  game.o(.text)
    gameConstructor                          0x08000a87   Thumb Code    62  game.o(.text)
    gameDestructor                           0x08000ac5   Thumb Code    38  game.o(.text)
    gameDraw                                 0x08000aeb   Thumb Code    20  game.o(.text)
    gameBlockFits                            0x08000aff   Thumb Code    60  game.o(.text)
    IsBlockOutside                           0x08000b3b   Thumb Code    60  game.o(.text)
    gameMoveBlockRight                       0x08000b77   Thumb Code    48  game.o(.text)
    gameMoveBlockLeft                        0x08000ba7   Thumb Code    48  game.o(.text)
    gameUpdateScore                          0x08000bd7   Thumb Code    68  game.o(.text)
    gameLockBlock                            0x08000c1b   Thumb Code   120  game.o(.text)
    gameMoveBlockDown                        0x08000c93   Thumb Code    52  game.o(.text)
    gameRotateBlock                          0x08000cc7   Thumb Code    38  game.o(.text)
    gameHandleInput                          0x08000ced   Thumb Code   100  game.o(.text)
    gameReset                                0x08000d51   Thumb Code    38  game.o(.text)
    gridInitialize                           0x08000d85   Thumb Code   152  grid.o(.text)
    gridConstructor                          0x08000e1d   Thumb Code    34  grid.o(.text)
    turnHexToInt                             0x08000e3f   Thumb Code    34  grid.o(.text)
    gridDestory                              0x08000e61   Thumb Code    66  grid.o(.text)
    gridPrint                                0x08000ea3   Thumb Code   182  grid.o(.text)
    gridIsCellOutside                        0x08000f59   Thumb Code    30  grid.o(.text)
    gridIsCellEmpty                          0x08000f77   Thumb Code    30  grid.o(.text)
    gridMoveRowDown                          0x08000f95   Thumb Code    54  grid.o(.text)
    gridClearRow                             0x08000fcb   Thumb Code    32  grid.o(.text)
    gridIsRowFull                            0x08000feb   Thumb Code    44  grid.o(.text)
    gridClearFullRows                        0x08001017   Thumb Code    58  grid.o(.text)
    ESP32_ClearNextBlock                     0x08001051   Thumb Code    18  tetris.o(.text)
    ESP32_IsSameNextBlock                    0x08001063   Thumb Code    32  tetris.o(.text)
    ESP32_CopyNextBlock                      0x08001083   Thumb Code    18  tetris.o(.text)
    ESP32_BuildNextBlock4x4                  0x08001095   Thumb Code   126  tetris.o(.text)
    ESP32_SendStateIfChanged                 0x08001113   Thumb Code   128  tetris.o(.text)
    ESP32_SendResetFrame                     0x08001193   Thumb Code    20  tetris.o(.text)
    tertisOutputDestroy                      0x080011a7   Thumb Code    12  tetris.o(.text)
    tertisOutputConstructor                  0x080011b3   Thumb Code    46  tetris.o(.text)
    tetris                                   0x080011e1   Thumb Code   402  tetris.o(.text)
    tertisOutputCopyAns                      0x08001373   Thumb Code    88  tetris.o(.text)
    tertisOutputPrint                        0x080013cb   Thumb Code    26  tetris.o(.text)
    LED_Init                                 0x080014b5   Thumb Code    60  led.o(.text)
    TIM3_Int_Init                            0x080014f5   Thumb Code    88  timer.o(.text)
    TIM3_IRQHandler                          0x0800154d   Thumb Code    28  timer.o(.text)
    KEY_Init                                 0x08001571   Thumb Code    60  key.o(.text)
    KEY_Scan                                 0x080015ad   Thumb Code   188  key.o(.text)
    EXTI0_IRQHandler                         0x08001675   Thumb Code    40  exti.o(.text)
    EXTI2_IRQHandler                         0x0800169d   Thumb Code    38  exti.o(.text)
    EXTI3_IRQHandler                         0x080016c3   Thumb Code    38  exti.o(.text)
    EXTI4_IRQHandler                         0x080016e9   Thumb Code    38  exti.o(.text)
    EXTIX_Init                               0x0800170f   Thumb Code   222  exti.o(.text)
    FSMC_SRAM_Init                           0x080017fd   Thumb Code   426  fsmc.o(.text)
    delay_init                               0x080019b9   Thumb Code    52  delay.o(.text)
    delay_us                                 0x080019ed   Thumb Code    72  delay.o(.text)
    delay_xms                                0x08001a35   Thumb Code    72  delay.o(.text)
    delay_ms                                 0x08001a7d   Thumb Code    56  delay.o(.text)
    _sys_exit                                0x08001abd   Thumb Code     6  usart.o(.text)
    fputc                                    0x08001ac3   Thumb Code    22  usart.o(.text)
    USART_SendChar                           0x08001ad9   Thumb Code    30  usart.o(.text)
    USART_SendString                         0x08001af7   Thumb Code    26  usart.o(.text)
    uart_init                                0x08001b11   Thumb Code   164  usart.o(.text)
    uart_send_buf                            0x08001bb5   Thumb Code    56  usart.o(.text)
    USART1_IRQHandler                        0x08001bed   Thumb Code   158  usart.o(.text)
    uart2_init                               0x08001c8b   Thumb Code   122  usart.o(.text)
    Reset_Handler                            0x08001d21   Thumb Code     8  startup_stm32f40_41xxx.o(.text)
    ADC_IRQHandler                           0x08001d3b   Thumb Code     0  startup_stm32f40_41xxx.o(.text)
    CAN1_RX0_IRQHandler                      0x08001d3b   Thumb Code     0  startup_stm32f40_41xxx.o(.text)
    CAN1_RX1_IRQHandler                      0x08001d3b   Thumb Code     0  startup_stm32f40_41xxx.o(.text)
    CAN1_SCE_IRQHandler                      0x08001d3b   Thumb Code     0  startup_stm32f40_41xxx.o(.text)
    CAN1_TX_IRQHandler                       0x08001d3b   Thumb Code     0  startup_stm32f40_41xxx.o(.text)
    CAN2_RX0_IRQHandler                      0x08001d3b   Thumb Code     0  startup_stm32f40_41xxx.o(.text)
    CAN2_RX1_IRQHandler                      0x08001d3b   Thumb Code     0  startup_stm32f40_41xxx.o(.text)
    CAN2_SCE_IRQHandler                      0x08001d3b   Thumb Code     0  startup_stm32f40_41xxx.o(.text)
    CAN2_TX_IRQHandler                       0x08001d3b   Thumb Code     0  startup_stm32f40_41xxx.o(.text)
    CRYP_IRQHandler                          0x08001d3b   Thumb Code     0  startup_stm32f40_41xxx.o(.text)
    DCMI_IRQHandler                          0x08001d3b   Thumb Code     0  startup_stm32f40_41xxx.o(.text)
    DMA1_Stream0_IRQHandler                  0x08001d3b   Thumb Code     0  startup_stm32f40_41xxx.o(.text)
    DMA1_Stream1_IRQHandler                  0x08001d3b   Thumb Code     0  startup_stm32f40_41xxx.o(.text)
    DMA1_Stream2_IRQHandler                  0x08001d3b   Thumb Code     0  startup_stm32f40_41xxx.o(.text)
    DMA1_Stream3_IRQHandler                  0x08001d3b   Thumb Code     0  startup_stm32f40_41xxx.o(.text)
    DMA1_Stream4_IRQHandler                  0x08001d3b   Thumb Code     0  startup_stm32f40_41xxx.o(.text)
    DMA1_Stream5_IRQHandler                  0x08001d3b   Thumb Code     0  startup_stm32f40_41xxx.o(.text)
    DMA1_Stream6_IRQHandler                  0x08001d3b   Thumb Code     0  startup_stm32f40_41xxx.o(.text)
    DMA1_Stream7_IRQHandler                  0x08001d3b   Thumb Code     0  startup_stm32f40_41xxx.o(.text)
    DMA2_Stream0_IRQHandler                  0x08001d3b   Thumb Code     0  startup_stm32f40_41xxx.o(.text)
    DMA2_Stream1_IRQHandler                  0x08001d3b   Thumb Code     0  startup_stm32f40_41xxx.o(.text)
    DMA2_Stream2_IRQHandler                  0x08001d3b   Thumb Code     0  startup_stm32f40_41xxx.o(.text)
    DMA2_Stream3_IRQHandler                  0x08001d3b   Thumb Code     0  startup_stm32f40_41xxx.o(.text)
    DMA2_Stream4_IRQHandler                  0x08001d3b   Thumb Code     0  startup_stm32f40_41xxx.o(.text)
    DMA2_Stream5_IRQHandler                  0x08001d3b   Thumb Code     0  startup_stm32f40_41xxx.o(.text)
    DMA2_Stream6_IRQHandler                  0x08001d3b   Thumb Code     0  startup_stm32f40_41xxx.o(.text)
    DMA2_Stream7_IRQHandler                  0x08001d3b   Thumb Code     0  startup_stm32f40_41xxx.o(.text)
    ETH_IRQHandler                           0x08001d3b   Thumb Code     0  startup_stm32f40_41xxx.o(.text)
    ETH_WKUP_IRQHandler                      0x08001d3b   Thumb Code     0  startup_stm32f40_41xxx.o(.text)
    EXTI15_10_IRQHandler                     0x08001d3b   Thumb Code     0  startup_stm32f40_41xxx.o(.text)
    EXTI1_IRQHandler                         0x08001d3b   Thumb Code     0  startup_stm32f40_41xxx.o(.text)
    EXTI9_5_IRQHandler                       0x08001d3b   Thumb Code     0  startup_stm32f40_41xxx.o(.text)
    FLASH_IRQHandler                         0x08001d3b   Thumb Code     0  startup_stm32f40_41xxx.o(.text)
    FPU_IRQHandler                           0x08001d3b   Thumb Code     0  startup_stm32f40_41xxx.o(.text)
    FSMC_IRQHandler                          0x08001d3b   Thumb Code     0  startup_stm32f40_41xxx.o(.text)
    HASH_RNG_IRQHandler                      0x08001d3b   Thumb Code     0  startup_stm32f40_41xxx.o(.text)
    I2C1_ER_IRQHandler                       0x08001d3b   Thumb Code     0  startup_stm32f40_41xxx.o(.text)
    I2C1_EV_IRQHandler                       0x08001d3b   Thumb Code     0  startup_stm32f40_41xxx.o(.text)
    I2C2_ER_IRQHandler                       0x08001d3b   Thumb Code     0  startup_stm32f40_41xxx.o(.text)
    I2C2_EV_IRQHandler                       0x08001d3b   Thumb Code     0  startup_stm32f40_41xxx.o(.text)
    I2C3_ER_IRQHandler                       0x08001d3b   Thumb Code     0  startup_stm32f40_41xxx.o(.text)
    I2C3_EV_IRQHandler                       0x08001d3b   Thumb Code     0  startup_stm32f40_41xxx.o(.text)
    OTG_FS_IRQHandler                        0x08001d3b   Thumb Code     0  startup_stm32f40_41xxx.o(.text)
    OTG_FS_WKUP_IRQHandler                   0x08001d3b   Thumb Code     0  startup_stm32f40_41xxx.o(.text)
    OTG_HS_EP1_IN_IRQHandler                 0x08001d3b   Thumb Code     0  startup_stm32f40_41xxx.o(.text)
    OTG_HS_EP1_OUT_IRQHandler                0x08001d3b   Thumb Code     0  startup_stm32f40_41xxx.o(.text)
    OTG_HS_IRQHandler                        0x08001d3b   Thumb Code     0  startup_stm32f40_41xxx.o(.text)
    OTG_HS_WKUP_IRQHandler                   0x08001d3b   Thumb Code     0  startup_stm32f40_41xxx.o(.text)
    PVD_IRQHandler                           0x08001d3b   Thumb Code     0  startup_stm32f40_41xxx.o(.text)
    RCC_IRQHandler                           0x08001d3b   Thumb Code     0  startup_stm32f40_41xxx.o(.text)
    RTC_Alarm_IRQHandler                     0x08001d3b   Thumb Code     0  startup_stm32f40_41xxx.o(.text)
    RTC_WKUP_IRQHandler                      0x08001d3b   Thumb Code     0  startup_stm32f40_41xxx.o(.text)
    SDIO_IRQHandler                          0x08001d3b   Thumb Code     0  startup_stm32f40_41xxx.o(.text)
    SPI1_IRQHandler                          0x08001d3b   Thumb Code     0  startup_stm32f40_41xxx.o(.text)
    SPI2_IRQHandler                          0x08001d3b   Thumb Code     0  startup_stm32f40_41xxx.o(.text)
    SPI3_IRQHandler                          0x08001d3b   Thumb Code     0  startup_stm32f40_41xxx.o(.text)
    TAMP_STAMP_IRQHandler                    0x08001d3b   Thumb Code     0  startup_stm32f40_41xxx.o(.text)
    TIM1_BRK_TIM9_IRQHandler                 0x08001d3b   Thumb Code     0  startup_stm32f40_41xxx.o(.text)
    TIM1_CC_IRQHandler                       0x08001d3b   Thumb Code     0  startup_stm32f40_41xxx.o(.text)
    TIM1_TRG_COM_TIM11_IRQHandler            0x08001d3b   Thumb Code     0  startup_stm32f40_41xxx.o(.text)
    TIM1_UP_TIM10_IRQHandler                 0x08001d3b   Thumb Code     0  startup_stm32f40_41xxx.o(.text)
    TIM2_IRQHandler                          0x08001d3b   Thumb Code     0  startup_stm32f40_41xxx.o(.text)
    TIM4_IRQHandler                          0x08001d3b   Thumb Code     0  startup_stm32f40_41xxx.o(.text)
    TIM5_IRQHandler                          0x08001d3b   Thumb Code     0  startup_stm32f40_41xxx.o(.text)
    TIM6_DAC_IRQHandler                      0x08001d3b   Thumb Code     0  startup_stm32f40_41xxx.o(.text)
    TIM7_IRQHandler                          0x08001d3b   Thumb Code     0  startup_stm32f40_41xxx.o(.text)
    TIM8_BRK_TIM12_IRQHandler                0x08001d3b   Thumb Code     0  startup_stm32f40_41xxx.o(.text)
    TIM8_CC_IRQHandler                       0x08001d3b   Thumb Code     0  startup_stm32f40_41xxx.o(.text)
    TIM8_TRG_COM_TIM14_IRQHandler            0x08001d3b   Thumb Code     0  startup_stm32f40_41xxx.o(.text)
    TIM8_UP_TIM13_IRQHandler                 0x08001d3b   Thumb Code     0  startup_stm32f40_41xxx.o(.text)
    UART4_IRQHandler                         0x08001d3b   Thumb Code     0  startup_stm32f40_41xxx.o(.text)
    UART5_IRQHandler                         0x08001d3b   Thumb Code     0  startup_stm32f40_41xxx.o(.text)
    USART2_IRQHandler                        0x08001d3b   Thumb Code     0  startup_stm32f40_41xxx.o(.text)
    USART3_IRQHandler                        0x08001d3b   Thumb Code     0  startup_stm32f40_41xxx.o(.text)
    USART6_IRQHandler                        0x08001d3b   Thumb Code     0  startup_stm32f40_41xxx.o(.text)
    WWDG_IRQHandler                          0x08001d3b   Thumb Code     0  startup_stm32f40_41xxx.o(.text)
    NVIC_PriorityGroupConfig                 0x08001d45   Thumb Code    10  misc.o(.text)
    NVIC_Init                                0x08001d4f   Thumb Code   106  misc.o(.text)
    NVIC_SetVectorTable                      0x08001db9   Thumb Code    14  misc.o(.text)
    NVIC_SystemLPConfig                      0x08001dc7   Thumb Code    34  misc.o(.text)
    SysTick_CLKSourceConfig                  0x08001de9   Thumb Code    40  misc.o(.text)
    GPIO_DeInit                              0x08001e25   Thumb Code   268  stm32f4xx_gpio.o(.text)
    GPIO_Init                                0x08001f31   Thumb Code   144  stm32f4xx_gpio.o(.text)
    GPIO_StructInit                          0x08001fc1   Thumb Code    18  stm32f4xx_gpio.o(.text)
    GPIO_PinLockConfig                       0x08001fd3   Thumb Code    34  stm32f4xx_gpio.o(.text)
    GPIO_ReadInputDataBit                    0x08001ff5   Thumb Code    18  stm32f4xx_gpio.o(.text)
    GPIO_ReadInputData                       0x08002007   Thumb Code     8  stm32f4xx_gpio.o(.text)
    GPIO_ReadOutputDataBit                   0x0800200f   Thumb Code    18  stm32f4xx_gpio.o(.text)
    GPIO_ReadOutputData                      0x08002021   Thumb Code     8  stm32f4xx_gpio.o(.text)
    GPIO_SetBits                             0x08002029   Thumb Code     4  stm32f4xx_gpio.o(.text)
    GPIO_ResetBits                           0x0800202d   Thumb Code     4  stm32f4xx_gpio.o(.text)
    GPIO_WriteBit                            0x08002031   Thumb Code    10  stm32f4xx_gpio.o(.text)
    GPIO_Write                               0x0800203b   Thumb Code     4  stm32f4xx_gpio.o(.text)
    GPIO_ToggleBits                          0x0800203f   Thumb Code     8  stm32f4xx_gpio.o(.text)
    GPIO_PinAFConfig                         0x08002047   Thumb Code    70  stm32f4xx_gpio.o(.text)
    RCC_DeInit                               0x080020b9   Thumb Code    82  stm32f4xx_rcc.o(.text)
    RCC_HSEConfig                            0x0800210b   Thumb Code    14  stm32f4xx_rcc.o(.text)
    RCC_GetFlagStatus                        0x08002119   Thumb Code    60  stm32f4xx_rcc.o(.text)
    RCC_WaitForHSEStartUp                    0x08002155   Thumb Code    56  stm32f4xx_rcc.o(.text)
    RCC_AdjustHSICalibrationValue            0x0800218d   Thumb Code    20  stm32f4xx_rcc.o(.text)
    RCC_HSICmd                               0x080021a1   Thumb Code     6  stm32f4xx_rcc.o(.text)
    RCC_LSEConfig                            0x080021a7   Thumb Code    46  stm32f4xx_rcc.o(.text)
    RCC_LSICmd                               0x080021d5   Thumb Code     6  stm32f4xx_rcc.o(.text)
    RCC_PLLConfig                            0x080021db   Thumb Code    32  stm32f4xx_rcc.o(.text)
    RCC_PLLCmd                               0x080021fb   Thumb Code     6  stm32f4xx_rcc.o(.text)
    RCC_PLLI2SConfig                         0x08002201   Thumb Code    14  stm32f4xx_rcc.o(.text)
    RCC_PLLI2SCmd                            0x0800220f   Thumb Code     6  stm32f4xx_rcc.o(.text)
    RCC_PLLSAIConfig                         0x08002215   Thumb Code    20  stm32f4xx_rcc.o(.text)
    RCC_PLLSAICmd                            0x08002229   Thumb Code     6  stm32f4xx_rcc.o(.text)
    RCC_ClockSecuritySystemCmd               0x0800222f   Thumb Code     6  stm32f4xx_rcc.o(.text)
    RCC_MCO1Config                           0x08002235   Thumb Code    28  stm32f4xx_rcc.o(.text)
    RCC_MCO2Config                           0x08002251   Thumb Code    28  stm32f4xx_rcc.o(.text)
    RCC_SYSCLKConfig                         0x0800226d   Thumb Code    20  stm32f4xx_rcc.o(.text)
    RCC_GetSYSCLKSource                      0x08002281   Thumb Code    12  stm32f4xx_rcc.o(.text)
    RCC_HCLKConfig                           0x0800228d   Thumb Code    20  stm32f4xx_rcc.o(.text)
    RCC_PCLK1Config                          0x080022a1   Thumb Code    20  stm32f4xx_rcc.o(.text)
    RCC_PCLK2Config                          0x080022b5   Thumb Code    22  stm32f4xx_rcc.o(.text)
    RCC_GetClocksFreq                        0x080022cb   Thumb Code   222  stm32f4xx_rcc.o(.text)
    RCC_RTCCLKConfig                         0x080023a9   Thumb Code    54  stm32f4xx_rcc.o(.text)
    RCC_RTCCLKCmd                            0x080023df   Thumb Code     8  stm32f4xx_rcc.o(.text)
    RCC_BackupResetCmd                       0x080023e7   Thumb Code     8  stm32f4xx_rcc.o(.text)
    RCC_I2SCLKConfig                         0x080023ef   Thumb Code     6  stm32f4xx_rcc.o(.text)
    RCC_SAIPLLI2SClkDivConfig                0x080023f5   Thumb Code    26  stm32f4xx_rcc.o(.text)
    RCC_SAIPLLSAIClkDivConfig                0x0800240f   Thumb Code    28  stm32f4xx_rcc.o(.text)
    RCC_SAIBlockACLKConfig                   0x0800242b   Thumb Code    20  stm32f4xx_rcc.o(.text)
    RCC_SAIBlockBCLKConfig                   0x0800243f   Thumb Code    20  stm32f4xx_rcc.o(.text)
    RCC_LTDCCLKDivConfig                     0x08002453   Thumb Code    20  stm32f4xx_rcc.o(.text)
    RCC_TIMCLKPresConfig                     0x08002467   Thumb Code     6  stm32f4xx_rcc.o(.text)
    RCC_AHB1PeriphClockCmd                   0x0800246d   Thumb Code    34  stm32f4xx_rcc.o(.text)
    RCC_AHB2PeriphClockCmd                   0x0800248f   Thumb Code    78  stm32f4xx_rcc.o(.text)
    RCC_AHB3PeriphClockCmd                   0x080024dd   Thumb Code    34  stm32f4xx_rcc.o(.text)
    RCC_APB1PeriphClockCmd                   0x080024ff   Thumb Code    34  stm32f4xx_rcc.o(.text)
    RCC_APB2PeriphClockCmd                   0x08002521   Thumb Code    34  stm32f4xx_rcc.o(.text)
    RCC_AHB1PeriphResetCmd                   0x08002543   Thumb Code    34  stm32f4xx_rcc.o(.text)
    RCC_AHB2PeriphResetCmd                   0x08002565   Thumb Code    34  stm32f4xx_rcc.o(.text)
    RCC_AHB3PeriphResetCmd                   0x08002587   Thumb Code    34  stm32f4xx_rcc.o(.text)
    RCC_APB1PeriphResetCmd                   0x080025a9   Thumb Code    34  stm32f4xx_rcc.o(.text)
    RCC_APB2PeriphResetCmd                   0x080025cb   Thumb Code    34  stm32f4xx_rcc.o(.text)
    RCC_AHB1PeriphClockLPModeCmd             0x080025ed   Thumb Code    34  stm32f4xx_rcc.o(.text)
    RCC_AHB2PeriphClockLPModeCmd             0x0800260f   Thumb Code    34  stm32f4xx_rcc.o(.text)
    RCC_AHB3PeriphClockLPModeCmd             0x08002631   Thumb Code    34  stm32f4xx_rcc.o(.text)
    RCC_APB1PeriphClockLPModeCmd             0x08002653   Thumb Code    34  stm32f4xx_rcc.o(.text)
    RCC_APB2PeriphClockLPModeCmd             0x08002675   Thumb Code    34  stm32f4xx_rcc.o(.text)
    RCC_LSEModeConfig                        0x08002697   Thumb Code    40  stm32f4xx_rcc.o(.text)
    RCC_ITConfig                             0x080026bf   Thumb Code    34  stm32f4xx_rcc.o(.text)
    RCC_ClearFlag                            0x080026e1   Thumb Code    18  stm32f4xx_rcc.o(.text)
    RCC_GetITStatus                          0x080026f3   Thumb Code    22  stm32f4xx_rcc.o(.text)
    RCC_ClearITPendingBit                    0x08002709   Thumb Code     8  stm32f4xx_rcc.o(.text)
    SYSCFG_DeInit                            0x08002715   Thumb Code    22  stm32f4xx_syscfg.o(.text)
    SYSCFG_MemoryRemapConfig                 0x0800272b   Thumb Code     6  stm32f4xx_syscfg.o(.text)
    SYSCFG_MemorySwappingBank                0x08002731   Thumb Code     6  stm32f4xx_syscfg.o(.text)
    SYSCFG_EXTILineConfig                    0x08002737   Thumb Code    66  stm32f4xx_syscfg.o(.text)
    SYSCFG_ETH_MediaInterfaceConfig          0x08002779   Thumb Code     8  stm32f4xx_syscfg.o(.text)
    SYSCFG_CompensationCellCmd               0x08002781   Thumb Code     6  stm32f4xx_syscfg.o(.text)
    SYSCFG_GetCompensationCellStatus         0x08002787   Thumb Code    22  stm32f4xx_syscfg.o(.text)
    TIM_DeInit                               0x080027a9   Thumb Code   346  stm32f4xx_tim.o(.text)
    TIM_TimeBaseInit                         0x08002903   Thumb Code   104  stm32f4xx_tim.o(.text)
    TIM_TimeBaseStructInit                   0x0800296b   Thumb Code    18  stm32f4xx_tim.o(.text)
    TIM_PrescalerConfig                      0x0800297d   Thumb Code     6  stm32f4xx_tim.o(.text)
    TIM_CounterModeConfig                    0x08002983   Thumb Code    18  stm32f4xx_tim.o(.text)
    TIM_SetCounter                           0x08002995   Thumb Code     4  stm32f4xx_tim.o(.text)
    TIM_SetAutoreload                        0x08002999   Thumb Code     4  stm32f4xx_tim.o(.text)
    TIM_GetCounter                           0x0800299d   Thumb Code     6  stm32f4xx_tim.o(.text)
    TIM_GetPrescaler                         0x080029a3   Thumb Code     6  stm32f4xx_tim.o(.text)
    TIM_UpdateDisableConfig                  0x080029a9   Thumb Code    24  stm32f4xx_tim.o(.text)
    TIM_UpdateRequestConfig                  0x080029c1   Thumb Code    24  stm32f4xx_tim.o(.text)
    TIM_ARRPreloadConfig                     0x080029d9   Thumb Code    24  stm32f4xx_tim.o(.text)
    TIM_SelectOnePulseMode                   0x080029f1   Thumb Code    18  stm32f4xx_tim.o(.text)
    TIM_SetClockDivision                     0x08002a03   Thumb Code    18  stm32f4xx_tim.o(.text)
    TIM_Cmd                                  0x08002a15   Thumb Code    24  stm32f4xx_tim.o(.text)
    TIM_OC1Init                              0x08002a2d   Thumb Code   114  stm32f4xx_tim.o(.text)
    TIM_OC2Init                              0x08002a9f   Thumb Code   154  stm32f4xx_tim.o(.text)
    TIM_OC3Init                              0x08002b39   Thumb Code   204  stm32f4xx_tim.o(.text)
    TIM_OC4Init                              0x08002c05   Thumb Code   112  stm32f4xx_tim.o(.text)
    TIM_OCStructInit                         0x08002c75   Thumb Code    20  stm32f4xx_tim.o(.text)
    TIM_SelectOCxM                           0x08002c89   Thumb Code    86  stm32f4xx_tim.o(.text)
    TIM_SetCompare1                          0x08002cdf   Thumb Code     4  stm32f4xx_tim.o(.text)
    TIM_SetCompare2                          0x08002ce3   Thumb Code     4  stm32f4xx_tim.o(.text)
    TIM_SetCompare3                          0x08002ce7   Thumb Code     4  stm32f4xx_tim.o(.text)
    TIM_SetCompare4                          0x08002ceb   Thumb Code     4  stm32f4xx_tim.o(.text)
    TIM_ForcedOC1Config                      0x08002cef   Thumb Code    18  stm32f4xx_tim.o(.text)
    TIM_ForcedOC2Config                      0x08002d01   Thumb Code    26  stm32f4xx_tim.o(.text)
    TIM_ForcedOC3Config                      0x08002d1b   Thumb Code    18  stm32f4xx_tim.o(.text)
    TIM_ForcedOC4Config                      0x08002d2d   Thumb Code    26  stm32f4xx_tim.o(.text)
    TIM_OC1PreloadConfig                     0x08002d47   Thumb Code    18  stm32f4xx_tim.o(.text)
    TIM_OC2PreloadConfig                     0x08002d59   Thumb Code    26  stm32f4xx_tim.o(.text)
    TIM_OC3PreloadConfig                     0x08002d73   Thumb Code    18  stm32f4xx_tim.o(.text)
    TIM_OC4PreloadConfig                     0x08002d85   Thumb Code    26  stm32f4xx_tim.o(.text)
    TIM_OC1FastConfig                        0x08002d9f   Thumb Code    18  stm32f4xx_tim.o(.text)
    TIM_OC2FastConfig                        0x08002db1   Thumb Code    26  stm32f4xx_tim.o(.text)
    TIM_OC3FastConfig                        0x08002dcb   Thumb Code    18  stm32f4xx_tim.o(.text)
    TIM_OC4FastConfig                        0x08002ddd   Thumb Code    26  stm32f4xx_tim.o(.text)
    TIM_ClearOC1Ref                          0x08002df7   Thumb Code    18  stm32f4xx_tim.o(.text)
    TIM_ClearOC2Ref                          0x08002e09   Thumb Code    24  stm32f4xx_tim.o(.text)
    TIM_ClearOC3Ref                          0x08002e21   Thumb Code    18  stm32f4xx_tim.o(.text)
    TIM_ClearOC4Ref                          0x08002e33   Thumb Code    24  stm32f4xx_tim.o(.text)
    TIM_OC1PolarityConfig                    0x08002e4b   Thumb Code    18  stm32f4xx_tim.o(.text)
    TIM_OC1NPolarityConfig                   0x08002e5d   Thumb Code    18  stm32f4xx_tim.o(.text)
    TIM_OC2PolarityConfig                    0x08002e6f   Thumb Code    26  stm32f4xx_tim.o(.text)
    TIM_OC2NPolarityConfig                   0x08002e89   Thumb Code    26  stm32f4xx_tim.o(.text)
    TIM_OC3PolarityConfig                    0x08002ea3   Thumb Code    26  stm32f4xx_tim.o(.text)
    TIM_OC3NPolarityConfig                   0x08002ebd   Thumb Code    26  stm32f4xx_tim.o(.text)
    TIM_OC4PolarityConfig                    0x08002ed7   Thumb Code    26  stm32f4xx_tim.o(.text)
    TIM_CCxCmd                               0x08002ef1   Thumb Code    30  stm32f4xx_tim.o(.text)
    TIM_CCxNCmd                              0x08002f0f   Thumb Code    30  stm32f4xx_tim.o(.text)
    TIM_SetIC4Prescaler                      0x08002f2d   Thumb Code    26  stm32f4xx_tim.o(.text)
    TIM_SetIC3Prescaler                      0x08002f97   Thumb Code    18  stm32f4xx_tim.o(.text)
    TIM_SetIC2Prescaler                      0x08002ff1   Thumb Code    26  stm32f4xx_tim.o(.text)
    TIM_SetIC1Prescaler                      0x08003065   Thumb Code    18  stm32f4xx_tim.o(.text)
    TIM_ICInit                               0x080030b1   Thumb Code   110  stm32f4xx_tim.o(.text)
    TIM_ICStructInit                         0x0800311f   Thumb Code    18  stm32f4xx_tim.o(.text)
    TIM_PWMIConfig                           0x08003131   Thumb Code   124  stm32f4xx_tim.o(.text)
    TIM_GetCapture1                          0x080031ad   Thumb Code     6  stm32f4xx_tim.o(.text)
    TIM_GetCapture2                          0x080031b3   Thumb Code     6  stm32f4xx_tim.o(.text)
    TIM_GetCapture3                          0x080031b9   Thumb Code     6  stm32f4xx_tim.o(.text)
    TIM_GetCapture4                          0x080031bf   Thumb Code     6  stm32f4xx_tim.o(.text)
    TIM_BDTRConfig                           0x080031c5   Thumb Code    32  stm32f4xx_tim.o(.text)
    TIM_BDTRStructInit                       0x080031e5   Thumb Code    18  stm32f4xx_tim.o(.text)
    TIM_CtrlPWMOutputs                       0x080031f7   Thumb Code    30  stm32f4xx_tim.o(.text)
    TIM_SelectCOM                            0x08003215   Thumb Code    24  stm32f4xx_tim.o(.text)
    TIM_CCPreloadControl                     0x0800322d   Thumb Code    24  stm32f4xx_tim.o(.text)
    TIM_ITConfig                             0x08003245   Thumb Code    18  stm32f4xx_tim.o(.text)
    TIM_GenerateEvent                        0x08003257   Thumb Code     4  stm32f4xx_tim.o(.text)
    TIM_GetFlagStatus                        0x0800325b   Thumb Code    18  stm32f4xx_tim.o(.text)
    TIM_ClearFlag                            0x0800326d   Thumb Code     6  stm32f4xx_tim.o(.text)
    TIM_GetITStatus                          0x08003273   Thumb Code    34  stm32f4xx_tim.o(.text)
    TIM_ClearITPendingBit                    0x08003295   Thumb Code     6  stm32f4xx_tim.o(.text)
    TIM_DMAConfig                            0x0800329b   Thumb Code    10  stm32f4xx_tim.o(.text)
    TIM_DMACmd                               0x080032a5   Thumb Code    18  stm32f4xx_tim.o(.text)
    TIM_SelectCCDMA                          0x080032b7   Thumb Code    24  stm32f4xx_tim.o(.text)
    TIM_InternalClockConfig                  0x080032cf   Thumb Code    12  stm32f4xx_tim.o(.text)
    TIM_SelectInputTrigger                   0x080032db   Thumb Code    18  stm32f4xx_tim.o(.text)
    TIM_ITRxExternalClockConfig              0x080032ed   Thumb Code    24  stm32f4xx_tim.o(.text)
    TIM_TIxExternalClockConfig               0x08003305   Thumb Code    62  stm32f4xx_tim.o(.text)
    TIM_ETRConfig                            0x08003343   Thumb Code    28  stm32f4xx_tim.o(.text)
    TIM_ETRClockMode1Config                  0x0800335f   Thumb Code    54  stm32f4xx_tim.o(.text)
    TIM_ETRClockMode2Config                  0x08003395   Thumb Code    32  stm32f4xx_tim.o(.text)
    TIM_SelectOutputTrigger                  0x080033b5   Thumb Code    18  stm32f4xx_tim.o(.text)
    TIM_SelectSlaveMode                      0x080033c7   Thumb Code    18  stm32f4xx_tim.o(.text)
    TIM_SelectMasterSlaveMode                0x080033d9   Thumb Code    18  stm32f4xx_tim.o(.text)
    TIM_EncoderInterfaceConfig               0x080033eb   Thumb Code    66  stm32f4xx_tim.o(.text)
    TIM_SelectHallSensor                     0x0800342d   Thumb Code    24  stm32f4xx_tim.o(.text)
    TIM_RemapConfig                          0x08003445   Thumb Code     6  stm32f4xx_tim.o(.text)
    USART_DeInit                             0x0800344d   Thumb Code   206  stm32f4xx_usart.o(.text)
    USART_Init                               0x0800351b   Thumb Code   204  stm32f4xx_usart.o(.text)
    USART_StructInit                         0x080035e7   Thumb Code    24  stm32f4xx_usart.o(.text)
    USART_ClockInit                          0x080035ff   Thumb Code    32  stm32f4xx_usart.o(.text)
    USART_ClockStructInit                    0x0800361f   Thumb Code    12  stm32f4xx_usart.o(.text)
    USART_Cmd                                0x0800362b   Thumb Code    24  stm32f4xx_usart.o(.text)
    USART_SetPrescaler                       0x08003643   Thumb Code    16  stm32f4xx_usart.o(.text)
    USART_OverSampling8Cmd                   0x08003653   Thumb Code    22  stm32f4xx_usart.o(.text)
    USART_OneBitMethodCmd                    0x08003669   Thumb Code    24  stm32f4xx_usart.o(.text)
    USART_SendData                           0x08003681   Thumb Code     8  stm32f4xx_usart.o(.text)
    USART_ReceiveData                        0x08003689   Thumb Code    10  stm32f4xx_usart.o(.text)
    USART_SetAddress                         0x08003693   Thumb Code    18  stm32f4xx_usart.o(.text)
    USART_ReceiverWakeUpCmd                  0x080036a5   Thumb Code    24  stm32f4xx_usart.o(.text)
    USART_WakeUpConfig                       0x080036bd   Thumb Code    18  stm32f4xx_usart.o(.text)
    USART_LINBreakDetectLengthConfig         0x080036cf   Thumb Code    18  stm32f4xx_usart.o(.text)
    USART_LINCmd                             0x080036e1   Thumb Code    24  stm32f4xx_usart.o(.text)
    USART_SendBreak                          0x080036f9   Thumb Code    10  stm32f4xx_usart.o(.text)
    USART_HalfDuplexCmd                      0x08003703   Thumb Code    24  stm32f4xx_usart.o(.text)
    USART_SetGuardTime                       0x0800371b   Thumb Code    16  stm32f4xx_usart.o(.text)
    USART_SmartCardCmd                       0x0800372b   Thumb Code    24  stm32f4xx_usart.o(.text)
    USART_SmartCardNACKCmd                   0x08003743   Thumb Code    24  stm32f4xx_usart.o(.text)
    USART_IrDAConfig                         0x0800375b   Thumb Code    18  stm32f4xx_usart.o(.text)
    USART_IrDACmd                            0x0800376d   Thumb Code    24  stm32f4xx_usart.o(.text)
    USART_DMACmd                             0x08003785   Thumb Code    18  stm32f4xx_usart.o(.text)
    USART_ITConfig                           0x08003797   Thumb Code    74  stm32f4xx_usart.o(.text)
    USART_GetFlagStatus                      0x080037e1   Thumb Code    26  stm32f4xx_usart.o(.text)
    USART_ClearFlag                          0x080037fb   Thumb Code    18  stm32f4xx_usart.o(.text)
    USART_GetITStatus                        0x0800380d   Thumb Code   118  stm32f4xx_usart.o(.text)
    USART_ClearITPendingBit                  0x08003883   Thumb Code    30  stm32f4xx_usart.o(.text)
    EXTI_DeInit                              0x080038a1   Thumb Code    28  stm32f4xx_exti.o(.text)
    EXTI_Init                                0x080038bd   Thumb Code   142  stm32f4xx_exti.o(.text)
    EXTI_StructInit                          0x0800394b   Thumb Code    16  stm32f4xx_exti.o(.text)
    EXTI_GenerateSWInterrupt                 0x0800395b   Thumb Code    16  stm32f4xx_exti.o(.text)
    EXTI_GetFlagStatus                       0x0800396b   Thumb Code    22  stm32f4xx_exti.o(.text)
    EXTI_ClearFlag                           0x08003981   Thumb Code     8  stm32f4xx_exti.o(.text)
    EXTI_GetITStatus                         0x08003989   Thumb Code    22  stm32f4xx_exti.o(.text)
    EXTI_ClearITPendingBit                   0x0800399f   Thumb Code     8  stm32f4xx_exti.o(.text)
    FSMC_NORSRAMDeInit                       0x080039b1   Thumb Code    54  stm32f4xx_fsmc.o(.text)
    FSMC_NORSRAMInit                         0x080039e7   Thumb Code   230  stm32f4xx_fsmc.o(.text)
    FSMC_NORSRAMStructInit                   0x08003acd   Thumb Code    48  stm32f4xx_fsmc.o(.text)
    FSMC_NORSRAMCmd                          0x08003afd   Thumb Code    46  stm32f4xx_fsmc.o(.text)
    FSMC_NANDDeInit                          0x08003b2b   Thumb Code    62  stm32f4xx_fsmc.o(.text)
    FSMC_NANDInit                            0x08003b69   Thumb Code   132  stm32f4xx_fsmc.o(.text)
    FSMC_NANDStructInit                      0x08003bed   Thumb Code    54  stm32f4xx_fsmc.o(.text)
    FSMC_NANDCmd                             0x08003c23   Thumb Code    86  stm32f4xx_fsmc.o(.text)
    FSMC_NANDECCCmd                          0x08003c79   Thumb Code    86  stm32f4xx_fsmc.o(.text)
    FSMC_GetECC                              0x08003ccf   Thumb Code    24  stm32f4xx_fsmc.o(.text)
    FSMC_PCCARDDeInit                        0x08003ce7   Thumb Code    36  stm32f4xx_fsmc.o(.text)
    FSMC_PCCARDInit                          0x08003d0b   Thumb Code   130  stm32f4xx_fsmc.o(.text)
    FSMC_PCCARDStructInit                    0x08003d8d   Thumb Code    60  stm32f4xx_fsmc.o(.text)
    FSMC_PCCARDCmd                           0x08003dc9   Thumb Code    44  stm32f4xx_fsmc.o(.text)
    FSMC_ITConfig                            0x08003df5   Thumb Code   128  stm32f4xx_fsmc.o(.text)
    FSMC_GetFlagStatus                       0x08003e75   Thumb Code    54  stm32f4xx_fsmc.o(.text)
    FSMC_ClearFlag                           0x08003eab   Thumb Code    74  stm32f4xx_fsmc.o(.text)
    FSMC_GetITStatus                         0x08003ef5   Thumb Code    62  stm32f4xx_fsmc.o(.text)
    FSMC_ClearITPendingBit                   0x08003f33   Thumb Code    66  stm32f4xx_fsmc.o(.text)
    __aeabi_uidiv                            0x08003f79   Thumb Code     0  uidiv.o(.text)
    __aeabi_uidivmod                         0x08003f79   Thumb Code    44  uidiv.o(.text)
    __scatterload                            0x08003fa5   Thumb Code    28  init.o(.text)
    __scatterload_rt2                        0x08003fa5   Thumb Code     0  init.o(.text)
    __0printf$1                              0x08003fc9   Thumb Code    22  printf1.o(i.__0printf$1)
    __1printf$1                              0x08003fc9   Thumb Code     0  printf1.o(i.__0printf$1)
    __2printf                                0x08003fc9   Thumb Code     0  printf1.o(i.__0printf$1)
    __scatterload_copy                       0x08003fe9   Thumb Code    14  handlers.o(i.__scatterload_copy)
    __scatterload_null                       0x08003ff7   Thumb Code     2  handlers.o(i.__scatterload_null)
    __scatterload_zeroinit                   0x08003ff9   Thumb Code    14  handlers.o(i.__scatterload_zeroinit)
    free                                     0x0800415d   Thumb Code    76  malloc.o(i.free)
    malloc                                   0x080041ad   Thumb Code    92  malloc.o(i.malloc)
    FSMC_DefaultTimingStruct                 0x08004218   Data          28  stm32f4xx_fsmc.o(.constdata)
    Region$$Table$$Base                      0x08004234   Number         0  anon$$obj.o(Region$$Table)
    Region$$Table$$Limit                     0x08004254   Number         0  anon$$obj.o(Region$$Table)
    cmd_ready                                0x20000000   Data           1  main.o(.data)
    current_cmd                              0x20000001   Data           1  main.o(.data)
    debug_mode                               0x20000002   Data           1  main.o(.data)
    SystemCoreClock                          0x20000004   Data           4  system_stm32f4xx.o(.data)
    AHBPrescTable                            0x20000008   Data          16  system_stm32f4xx.o(.data)
    seed                                     0x20000038   Data           4  game.o(.data)
    timer3IRQ1secfg                          0x2000003c   Data           1  tetris.o(.data)
    __stdout                                 0x20000044   Data           4  usart.o(.data)
    USART_RX_STA                             0x20000048   Data           2  usart.o(.data)
    __microlib_freelist                      0x2000005c   Data           4  mvars.o(.data)
    __microlib_freelist_initialised          0x20000060   Data           4  mvars.o(.data)
    USART_RX_BUF                             0x20000064   Data         200  usart.o(.bss)
    __heap_base                              0x20000130   Data           0  startup_stm32f40_41xxx.o(HEAP)
    __heap_limit                             0x20019130   Data           0  startup_stm32f40_41xxx.o(HEAP)
    __initial_sp                             0x20019530   Data           0  startup_stm32f40_41xxx.o(STACK)



==============================================================================

Memory Map of the image

  Image Entry point : 0x08000189

  Load Region LR_IROM1 (Base: 0x08000000, Size: 0x000042b8, Max: 0x00100000, ABSOLUTE)

    Execution Region ER_IROM1 (Exec base: 0x08000000, Load base: 0x08000000, Size: 0x00004254, Max: 0x00100000, ABSOLUTE)

    Exec Addr    Load Addr    Size         Type   Attr      Idx    E Section Name        Object

    0x08000000   0x08000000   0x00000188   Data   RO          602    RESET               startup_stm32f40_41xxx.o
    0x08000188   0x08000188   0x00000000   Code   RO          772  * .ARM.Collect$$$$00000000  mc_w.l(entry.o)
    0x08000188   0x08000188   0x00000004   Code   RO         1064    .ARM.Collect$$$$00000001  mc_w.l(entry2.o)
    0x0800018c   0x0800018c   0x00000004   Code   RO         1067    .ARM.Collect$$$$00000004  mc_w.l(entry5.o)
    0x08000190   0x08000190   0x00000000   Code   RO         1069    .ARM.Collect$$$$00000008  mc_w.l(entry7b.o)
    0x08000190   0x08000190   0x00000000   Code   RO         1071    .ARM.Collect$$$$0000000A  mc_w.l(entry8b.o)
    0x08000190   0x08000190   0x00000008   Code   RO         1072    .ARM.Collect$$$$0000000B  mc_w.l(entry9a.o)
    0x08000198   0x08000198   0x00000004   Code   RO         1079    .ARM.Collect$$$$0000000E  mc_w.l(entry12b.o)
    0x0800019c   0x0800019c   0x00000000   Code   RO         1074    .ARM.Collect$$$$0000000F  mc_w.l(entry10a.o)
    0x0800019c   0x0800019c   0x00000000   Code   RO         1076    .ARM.Collect$$$$00000011  mc_w.l(entry11a.o)
    0x0800019c   0x0800019c   0x00000004   Code   RO         1065    .ARM.Collect$$$$00002712  mc_w.l(entry2.o)
    0x080001a0   0x080001a0   0x000000c4   Code   RO            3    .text               main.o
    0x08000264   0x08000264   0x0000001a   Code   RO          176    .text               stm32f4xx_it.o
    0x0800027e   0x0800027e   0x00000002   PAD
    0x08000280   0x08000280   0x00000210   Code   RO          225    .text               system_stm32f4xx.o
    0x08000490   0x08000490   0x00000530   Code   RO          249    .text               block.o
    0x080009c0   0x080009c0   0x00000008   Code   RO          285    .text               color.o
    0x080009c8   0x080009c8   0x000003bc   Code   RO          304    .text               game.o
    0x08000d84   0x08000d84   0x000002cc   Code   RO          327    .text               grid.o
    0x08001050   0x08001050   0x00000464   Code   RO          350    .text               tetris.o
    0x080014b4   0x080014b4   0x00000040   Code   RO          406    .text               led.o
    0x080014f4   0x080014f4   0x0000007c   Code   RO          426    .text               timer.o
    0x08001570   0x08001570   0x00000104   Code   RO          466    .text               key.o
    0x08001674   0x08001674   0x00000188   Code   RO          487    .text               exti.o
    0x080017fc   0x080017fc   0x000001bc   Code   RO          511    .text               fsmc.o
    0x080019b8   0x080019b8   0x00000104   Code   RO          531    .text               delay.o
    0x08001abc   0x08001abc   0x00000264   Code   RO          571    .text               usart.o
    0x08001d20   0x08001d20   0x00000024   Code   RO          603    .text               startup_stm32f40_41xxx.o
    0x08001d44   0x08001d44   0x000000e0   Code   RO          609    .text               misc.o
    0x08001e24   0x08001e24   0x00000294   Code   RO          629    .text               stm32f4xx_gpio.o
    0x080020b8   0x080020b8   0x0000065c   Code   RO          649    .text               stm32f4xx_rcc.o
    0x08002714   0x08002714   0x00000094   Code   RO          671    .text               stm32f4xx_syscfg.o
    0x080027a8   0x080027a8   0x00000ca2   Code   RO          691    .text               stm32f4xx_tim.o
    0x0800344a   0x0800344a   0x00000002   PAD
    0x0800344c   0x0800344c   0x00000454   Code   RO          711    .text               stm32f4xx_usart.o
    0x080038a0   0x080038a0   0x00000110   Code   RO          731    .text               stm32f4xx_exti.o
    0x080039b0   0x080039b0   0x000005c8   Code   RO          751    .text               stm32f4xx_fsmc.o
    0x08003f78   0x08003f78   0x0000002c   Code   RO         1080    .text               mc_w.l(uidiv.o)
    0x08003fa4   0x08003fa4   0x00000024   Code   RO         1101    .text               mc_w.l(init.o)
    0x08003fc8   0x08003fc8   0x00000020   Code   RO          820    i.__0printf$1       mc_w.l(printf1.o)
    0x08003fe8   0x08003fe8   0x0000000e   Code   RO         1113    i.__scatterload_copy  mc_w.l(handlers.o)
    0x08003ff6   0x08003ff6   0x00000002   Code   RO         1114    i.__scatterload_null  mc_w.l(handlers.o)
    0x08003ff8   0x08003ff8   0x0000000e   Code   RO         1115    i.__scatterload_zeroinit  mc_w.l(handlers.o)
    0x08004006   0x08004006   0x00000002   PAD
    0x08004008   0x08004008   0x00000154   Code   RO          827    i._printf_core      mc_w.l(printf1.o)
    0x0800415c   0x0800415c   0x00000050   Code   RO         1036    i.free              mc_w.l(malloc.o)
    0x080041ac   0x080041ac   0x0000006c   Code   RO         1037    i.malloc            mc_w.l(malloc.o)
    0x08004218   0x08004218   0x0000001c   Data   RO          752    .constdata          stm32f4xx_fsmc.o
    0x08004234   0x08004234   0x00000020   Data   RO         1111    Region$$Table       anon$$obj.o


    Execution Region RW_IRAM1 (Exec base: 0x20000000, Load base: 0x08004254, Size: 0x00019530, Max: 0x00020000, ABSOLUTE)

    Exec Addr    Load Addr    Size         Type   Attr      Idx    E Section Name        Object

    0x20000000   0x08004254   0x00000003   Data   RW            4    .data               main.o
    0x20000003   0x08004257   0x00000001   PAD
    0x20000004   0x08004258   0x00000014   Data   RW          226    .data               system_stm32f4xx.o
    0x20000018   0x0800426c   0x00000020   Data   RW          287    .data               color.o
    0x20000038   0x0800428c   0x00000004   Data   RW          305    .data               game.o
    0x2000003c   0x08004290   0x00000001   Data   RW          351    .data               tetris.o
    0x2000003d   0x08004291   0x00000001   Data   RW          467    .data               key.o
    0x2000003e   0x08004292   0x00000004   Data   RW          532    .data               delay.o
    0x20000042   0x08004296   0x00000002   PAD
    0x20000044   0x08004298   0x00000006   Data   RW          573    .data               usart.o
    0x2000004a   0x0800429e   0x00000010   Data   RW          650    .data               stm32f4xx_rcc.o
    0x2000005a   0x080042ae   0x00000002   PAD
    0x2000005c   0x080042b0   0x00000004   Data   RW         1088    .data               mc_w.l(mvars.o)
    0x20000060   0x080042b4   0x00000004   Data   RW         1089    .data               mc_w.l(mvars.o)
    0x20000064        -       0x000000c8   Zero   RW          572    .bss                usart.o
    0x2000012c   0x080042b8   0x00000004   PAD
    0x20000130        -       0x00019000   Zero   RW          601    HEAP                startup_stm32f40_41xxx.o
    0x20019130        -       0x00000400   Zero   RW          600    STACK               startup_stm32f40_41xxx.o


==============================================================================

Image component sizes


      Code (inc. data)   RO Data    RW Data    ZI Data      Debug   Object Name

      1328          0          0          0          0       5624   block.o
         8          4          0         32          0        780   color.o
       260          8          0          4          0       1465   delay.o
       392         16          0          0          0       1241   exti.o
       444         18          0          0          0        801   fsmc.o
       956         14          0          4          0       5530   game.o
       716          0          0          0          0       4111   grid.o
       260         12          0          1          0        872   key.o
        64          4          0          0          0        519   led.o
       196          4          0          3          0     293709   main.o
       224         20          0          0          0       1801   misc.o
        36          8        392          0     103424        820   startup_stm32f40_41xxx.o
       272         10          0          0          0       2271   stm32f4xx_exti.o
      1480         18         28          0          0       5622   stm32f4xx_fsmc.o
       660         44          0          0          0       4145   stm32f4xx_gpio.o
        26          0          0          0          0       1214   stm32f4xx_it.o
      1628         52          0         16          0      13008   stm32f4xx_rcc.o
       148         12          0          0          0       1837   stm32f4xx_syscfg.o
      3234         60          0          0          0      23000   stm32f4xx_tim.o
      1108         34          0          0          0       7868   stm32f4xx_usart.o
       528         46          0         20          0       1755   system_stm32f4xx.o
      1124        208          0          1          0       5222   tetris.o
       124          8          0          0          0        824   timer.o
       612         28          0          6        200       4587   usart.o

    ----------------------------------------------------------------------
     15832        628        452         92     103628     388626   Object Totals
         0          0         32          0          0          0   (incl. Generated)
         4          0          0          5          4          0   (incl. Padding)

    ----------------------------------------------------------------------

      Code (inc. data)   RO Data    RW Data    ZI Data      Debug   Library Member Name

         0          0          0          0          0          0   entry.o
         0          0          0          0          0          0   entry10a.o
         0          0          0          0          0          0   entry11a.o
         4          0          0          0          0          0   entry12b.o
         8          4          0          0          0          0   entry2.o
         4          0          0          0          0          0   entry5.o
         0          0          0          0          0          0   entry7b.o
         0          0          0          0          0          0   entry8b.o
         8          4          0          0          0          0   entry9a.o
        30          0          0          0          0          0   handlers.o
        36          8          0          0          0         68   init.o
       188         20          0          0          0        160   malloc.o
         0          0          0          8          0          0   mvars.o
       372         14          0          0          0        184   printf1.o
        44          0          0          0          0         80   uidiv.o

    ----------------------------------------------------------------------
       696         50          0          8          0        492   Library Totals
         2          0          0          0          0          0   (incl. Padding)

    ----------------------------------------------------------------------

      Code (inc. data)   RO Data    RW Data    ZI Data      Debug   Library Name

       694         50          0          8          0        492   mc_w.l

    ----------------------------------------------------------------------
       696         50          0          8          0        492   Library Totals

    ----------------------------------------------------------------------

==============================================================================


      Code (inc. data)   RO Data    RW Data    ZI Data      Debug   

     16528        678        452        100     103628     384466   Grand Totals
     16528        678        452        100     103628     384466   ELF Image Totals
     16528        678        452        100          0          0   ROM Totals

==============================================================================

    Total RO  Size (Code + RO Data)                16980 (  16.58kB)
    Total RW  Size (RW Data + ZI Data)            103728 ( 101.30kB)
    Total ROM Size (Code + RO Data + RW Data)      17080 (  16.68kB)

==============================================================================

